{'activity_level': 0,
 'blogs': None,
 'description': '<p>This project provides pre-built eggs for <a href="/a/apache-extras.org/p/pylucene-extra/wiki/PyLucene">PyLucene</a> and JCC on several operating systems, Python versions and Java runtimes combos. </p>',
 'download_page_url': None,
 'downloads': None,
 'external_links': None,
 'feeds': None,
 'forge': None,
 'groups': None,
 'homepage_url': u'http://code.google.com/a/apache-extras.org/p/pylucene-extra/',
 'id': u'pylucene-extra',
 'labels': {u'binaries': u'http://code.google.com/a/apache-extras.org/hosting/search?q=label:binaries',
            u'egg': u'http://code.google.com/a/apache-extras.org/hosting/search?q=label:egg',
            u'lucene': u'http://code.google.com/a/apache-extras.org/hosting/search?q=label:lucene',
            u'pylucene': u'http://code.google.com/a/apache-extras.org/hosting/search?q=label:pylucene',
            u'python': u'http://code.google.com/a/apache-extras.org/hosting/search?q=label:python'},
 'last_updated': None,
 'license': u'Apache License 2.0',
 'license_key': 'apache-2.0',
 'license_url': u'http://www.apache.org/licenses/LICENSE-2.0',
 'logo_url': None,
 'members': None,
 'members_url': None,
 'name': u'Pre-built PyLucene and JCC eggs on several OS/Python/Java combos',
 'rank': None,
 'source_url': None,
 'stars': None,
 'summary_url': u'http://code.google.com/a/apache-extras.org/p/pylucene-extra/',
 'update_url': None,
 'vcs_checkout_command': None}