{'activity_level': 0,
 'blogs': None,
 'description': '<p>SMEBS Business to Business direct marketing blog specializing in lead generation, demand generation and customer retention. We deploy outbound calling campaigns on behalf of some of the nation\xe2\x80\x99s most well respected organizations. </p>',
 'download_page_url': None,
 'downloads': None,
 'external_links': None,
 'feeds': None,
 'forge': None,
 'groups': None,
 'homepage_url': u'http://code.google.com/a/eclipselabs.org/p/smebs/',
 'id': u'smebs',
 'labels': {u'BIRT': u'http://code.google.com/a/eclipselabs.org/hosting/search?q=label:BIRT',
            u'Build': u'http://code.google.com/a/eclipselabs.org/hosting/search?q=label:Build',
            u'CodeManagement': u'http://code.google.com/a/eclipselabs.org/hosting/search?q=label:CodeManagement',
            u'EclipseRT': u'http://code.google.com/a/eclipselabs.org/hosting/search?q=label:EclipseRT',
            u'Embedded': u'http://code.google.com/a/eclipselabs.org/hosting/search?q=label:Embedded',
            u'JavaEE': u'http://code.google.com/a/eclipselabs.org/hosting/search?q=label:JavaEE',
            u'Mobile': u'http://code.google.com/a/eclipselabs.org/hosting/search?q=label:Mobile',
            u'Modeling': u'http://code.google.com/a/eclipselabs.org/hosting/search?q=label:Modeling',
            u'SOA': u'http://code.google.com/a/eclipselabs.org/hosting/search?q=label:SOA',
            u'Testing': u'http://code.google.com/a/eclipselabs.org/hosting/search?q=label:Testing',
            u'Tools': u'http://code.google.com/a/eclipselabs.org/hosting/search?q=label:Tools',
            u'WebTools': u'http://code.google.com/a/eclipselabs.org/hosting/search?q=label:WebTools'},
 'last_updated': None,
 'license': u'Eclipse Public License 1.0',
 'license_key': 'epl-1.0',
 'license_url': u'http://www.eclipse.org/legal/epl-v10.html',
 'logo_url': u'http://code.google.com/a/eclipselabs.org/p/smebs/logo?cct=1307210826',
 'members': None,
 'members_url': None,
 'name': u'SMEBS - Top b2b  india | SME | b2b markeplace ',
 'rank': None,
 'source_url': None,
 'stars': None,
 'summary_url': u'http://code.google.com/a/eclipselabs.org/p/smebs/',
 'update_url': None,
 'vcs_checkout_command': None}