{'approximate_size': 5872025,
 'description': u'NOTE: THIS EGG WILL NOT WORK ON YOUR MACHINE.\nThe java path is hardcoded by default in the built shared object.\nThis first attempt needs more work....\n\nThis is a first prebuilt and experimental egg for:\nPylucene 3.1.0 \nUbuntu Linux 10.04.1 LTS x86_64\nOracle/SUN JDK 1.5.12 \nPython 2.5.2\n\nTo run you need Java installed, the version used to compile was:\n\nhttps://cds.sun.com/is-bin/INTERSHOP.enfinity/WFS/CDS-CDS_Developer-Site/en_US/-/USD/ViewProductDetail-Start?ProductRef=jdk-1.5.0_12-oth-JPR@CDS-CDS_Developer\n\nIf Java is not installed on your distro, you can get the JRE bin above for a private test. \nThen:\n$ chmod 755 jre-1_5_0_12-linux-amd64.bin\n$ ./jre-1_5_0_12-linux-amd64.bin\n\n$ export PATH=$PATH:&lt;path to JRE&gt;/jre1.5.0_12/bin/\n\nadd the egg to you PYTHONPATH:\n\n$ export PYTHONPATH=$PYTHONPATH:&lt;path to egg&gt;/lucene-3.1.0-py2.5-linux-x86_64.egg\n\n$ python2.5\n&gt;&gt;&gt; import lucene',
 'downloaded_count': 1,
 'file_name': u'lucene-3.1.0-py2.5-linux-x86_64.egg',
 'labels': {u'label:Deprecated': u'Most users should NOT download this',
            u'label:OpSys-Linux': u'Works with Linux',
            u'label:Type-Package': u'Your OS package manager installs this',
            u'label:java:jdk_1.5.0_12': None,
            u'label:python:2.5.2': None},
 'project_homepage_url': u'http://code.google.com/a/apache-extras.org/p/pylucene-extra/',
 'project_id': u'pylucene-extra',
 'sha1': u'83b7ced1d4d3ffe815cd6f542624e4b3320a224a',
 'summary': u'PyLucene 3.1.0 Python 2.5.2 Linux x86_64 Oracle/SUN JDK 1.5.12 Ubuntu 10.04.1 LTS',
 'uploaded_by': u'pombreda...@gmail.com',
 'uploaded_by_url': u'http://code.google.com/a/apache-extras.org/u/@VxdTQ1ZWDxFFVwR4/',
 'uploaded_date': '2011-06-01T07:46:39',
 'url': u'http://pylucene-extra.apache-extras.org.codespot.com/files/lucene-3.1.0-py2.5-linux-x86_64.egg'}