([{'detail_url': u'http://code.google.com/u/105534639569596789966',
   'person_id': u'105534639569596789966',
   'role': u'owner',
   'username': u'mattbrin...@gmail.com'},
  {'detail_url': u'http://code.google.com/u/104109063926475518692',
   'person_id': u'104109063926475518692',
   'role': u'committer',
   'username': u'gera...@gmail.com'},
  {'detail_url': u'http://code.google.com/u/105562036645536730749',
   'person_id': u'105562036645536730749',
   'role': u'committer',
   'username': u'rakke...@gmail.com'},
  {'detail_url': u'http://code.google.com/u/106898263931419003397',
   'person_id': u'106898263931419003397',
   'role': u'committer',
   'username': u'dmen...@gmail.com'},
  {'detail_url': u'http://code.google.com/u/schall.mark',
   'person_id': u'schall.mark',
   'role': u'committer',
   'username': u'schall.mark'},
  {'detail_url': u'http://code.google.com/u/106653752422995692757',
   'person_id': u'106653752422995692757',
   'role': u'committer',
   'username': u's...@samplusplus.com'}],
 [])