([{'detail_url': u'http://code.google.com/u/103041086621793911055',
   'person_id': u'103041086621793911055',
   'role': u'owner',
   'username': u'ma...@google.com'},
  {'detail_url': u'http://code.google.com/u/109162654181341090091',
   'person_id': u'109162654181341090091',
   'role': u'owner',
   'username': u'mar...@google.com'},
  {'detail_url': u'http://code.google.com/u/rdayal@google.com',
   'person_id': u'rdayal@google.com',
   'role': u'owner',
   'username': u'rdayal@google.com'},
  {'detail_url': u'http://code.google.com/u/dharan@google.com',
   'person_id': u'dharan@google.com',
   'role': u'owner',
   'username': u'dharan@google.com'},
  {'detail_url': u'http://code.google.com/u/110191130801887691898',
   'person_id': u'110191130801887691898',
   'role': u'owner',
   'username': u'matthew....@google.com'},
  {'detail_url': u'http://code.google.com/u/104550836733566038206',
   'person_id': u'104550836733566038206',
   'role': u'owner',
   'username': u'm...@google.com'},
  {'detail_url': u'http://code.google.com/u/101837761296273848263',
   'person_id': u'101837761296273848263',
   'role': u'owner',
   'username': u'rib...@google.com'},
  {'detail_url': u'http://code.google.com/u/113947335601632058463',
   'person_id': u'113947335601632058463',
   'role': u'owner',
   'username': u'arful...@google.com'},
  {'detail_url': u'http://code.google.com/u/fredsa@google.com',
   'person_id': u'fredsa@google.com',
   'role': u'owner',
   'username': u'fredsa@google.com'},
  {'detail_url': u'http://code.google.com/u/101968734459488177535',
   'person_id': u'101968734459488177535',
   'role': u'owner',
   'username': u'tall...@google.com'},
  {'detail_url': u'http://code.google.com/u/106627824325291768549',
   'person_id': u'106627824325291768549',
   'role': u'owner',
   'username': u'nve...@google.com'},
  {'detail_url': u'http://code.google.com/u/darke@google.com',
   'person_id': u'darke@google.com',
   'role': u'owner',
   'username': u'darke@google.com'},
  {'detail_url': u'http://code.google.com/u/113215640123254841877',
   'person_id': u'113215640123254841877',
   'role': u'owner',
   'username': u'peter...@google.com'},
  {'detail_url': u'http://code.google.com/u/drfibonacci@google.com',
   'person_id': u'drfibonacci@google.com',
   'role': u'owner',
   'username': u'drfibonacci@google.com'},
  {'detail_url': u'http://code.google.com/u/102819284766864358574',
   'person_id': u'102819284766864358574',
   'role': u'owner',
   'username': u'schu...@google.com'},
  {'detail_url': u'http://code.google.com/u/107495014467782941400',
   'person_id': u'107495014467782941400',
   'role': u'owner',
   'username': u'tmat...@google.com'},
  {'detail_url': u'http://code.google.com/u/111268175175646886171',
   'person_id': u'111268175175646886171',
   'role': u'owner',
   'username': u'bquin...@google.com'},
  {'detail_url': u'http://code.google.com/u/104601171681642502042',
   'person_id': u'104601171681642502042',
   'role': u'owner',
   'username': u'ttrim...@google.com'},
  {'detail_url': u'http://code.google.com/u/slangley@google.com',
   'person_id': u'slangley@google.com',
   'role': u'owner',
   'username': u'slangley@google.com'},
  {'detail_url': u'http://code.google.com/u/117080512739976680099',
   'person_id': u'117080512739976680099',
   'role': u'owner',
   'username': u'rudomi...@google.com'},
  {'detail_url': u'http://code.google.com/u/118023969811374967961',
   'person_id': u'118023969811374967961',
   'role': u'owner',
   'username': u'pro...@google.com'},
  {'detail_url': u'http://code.google.com/u/104008716717889396039',
   'person_id': u'104008716717889396039',
   'role': u'owner',
   'username': u'd...@google.com'},
  {'detail_url': u'http://code.google.com/u/106994646733028768856',
   'person_id': u'106994646733028768856',
   'role': u'owner',
   'username': u'smi...@google.com'},
  {'detail_url': u'http://code.google.com/u/102589418226850007992',
   'person_id': u'102589418226850007992',
   'role': u'owner',
   'username': u'sa...@google.com'},
  {'detail_url': u'http://code.google.com/u/117154705598816379424',
   'person_id': u'117154705598816379424',
   'role': u'owner',
   'username': u'g...@google.com'},
  {'detail_url': u'http://code.google.com/u/109771965630589076117',
   'person_id': u'109771965630589076117',
   'role': u'owner',
   'username': u'majew...@google.com'},
  {'detail_url': u'http://code.google.com/u/111746242899049292865',
   'person_id': u'111746242899049292865',
   'role': u'owner',
   'username': u'oza...@google.com'},
  {'detail_url': u'http://code.google.com/u/100978872515629229948',
   'person_id': u'100978872515629229948',
   'role': u'owner',
   'username': u'a...@google.com'},
  {'detail_url': u'http://code.google.com/u/101140781955534305338',
   'person_id': u'101140781955534305338',
   'role': u'owner',
   'username': u'mgwoodw...@google.com'},
  {'detail_url': u'http://code.google.com/u/111264546467021193439',
   'person_id': u'111264546467021193439',
   'role': u'owner',
   'username': u'pra...@google.com'},
  {'detail_url': u'http://code.google.com/u/114326504088500642620',
   'person_id': u'114326504088500642620',
   'role': u'owner',
   'username': u'ericwill...@google.com'},
  {'detail_url': u'http://code.google.com/u/106553668948036615764',
   'person_id': u'106553668948036615764',
   'role': u'owner',
   'username': u'danielw...@google.com'},
  {'detail_url': u'http://code.google.com/u/116183111157856645793',
   'person_id': u'116183111157856645793',
   'role': u'owner',
   'username': u'jasonmba...@google.com'},
  {'detail_url': u'http://code.google.com/u/105403601334130937754',
   'person_id': u'105403601334130937754',
   'role': u'owner',
   'username': u'ra...@google.com'},
  {'detail_url': u'http://code.google.com/u/118066768580306911990',
   'person_id': u'118066768580306911990',
   'role': u'owner',
   'username': u'l...@google.com'},
  {'detail_url': u'http://code.google.com/u/109917895093567337892',
   'person_id': u'109917895093567337892',
   'role': u'owner',
   'username': u'danielho...@google.com'},
  {'detail_url': u'http://code.google.com/u/115046600416644636527',
   'person_id': u'115046600416644636527',
   'role': u'owner',
   'username': u'strel...@google.com'},
  {'detail_url': u'http://code.google.com/u/107607719130372094274',
   'person_id': u'107607719130372094274',
   'role': u'owner',
   'username': u'doo...@google.com'},
  {'detail_url': u'http://code.google.com/u/113005659960262550378',
   'person_id': u'113005659960262550378',
   'role': u'owner',
   'username': u'teh...@google.com'},
  {'detail_url': u'http://code.google.com/u/114522884406556709705',
   'person_id': u'114522884406556709705',
   'role': u'owner',
   'username': u'stevenkl...@google.com'},
  {'detail_url': u'http://code.google.com/u/103263096948651537833',
   'person_id': u'103263096948651537833',
   'role': u'owner',
   'username': u'cyr...@google.com'},
  {'detail_url': u'http://code.google.com/u/102000328484518160694',
   'person_id': u'102000328484518160694',
   'role': u'owner',
   'username': u'thoma...@google.com'},
  {'detail_url': u'http://code.google.com/u/108631830653611383404',
   'person_id': u'108631830653611383404',
   'role': u'owner',
   'username': u'y...@google.com'},
  {'detail_url': u'http://code.google.com/u/111563438470967263934',
   'person_id': u'111563438470967263934',
   'role': u'owner',
   'username': u'richm...@google.com'},
  {'detail_url': u'http://code.google.com/u/110351069201250576173',
   'person_id': u'110351069201250576173',
   'role': u'owner',
   'username': u'r...@google.com'},
  {'detail_url': u'http://code.google.com/u/102121003798623608415',
   'person_id': u'102121003798623608415',
   'role': u'owner',
   'username': u'daveblac...@google.com'},
  {'detail_url': u'http://code.google.com/u/103027372107619157644',
   'person_id': u'103027372107619157644',
   'role': u'owner',
   'username': u'matts...@google.com'},
  {'detail_url': u'http://code.google.com/u/104458556182166492093',
   'person_id': u'104458556182166492093',
   'role': u'owner',
   'username': u'jb...@google.com'},
  {'detail_url': u'http://code.google.com/u/104108905474244125807',
   'person_id': u'104108905474244125807',
   'role': u'owner',
   'username': u'tkaitch...@google.com'},
  {'detail_url': u'http://code.google.com/u/103029576407025156476',
   'person_id': u'103029576407025156476',
   'role': u'owner',
   'username': u'roh...@google.com'}],
 [u'http://code.google.com/p/redis/people/list?num=50&start=50'])