([{'detail_url': u'http://code.google.com/u/109751900510790774355',
   'person_id': u'109751900510790774355',
   'role': u'owner',
   'username': u'psh...@google.com'},
  {'detail_url': u'http://code.google.com/u/114134263484421477487',
   'person_id': u'114134263484421477487',
   'role': u'owner',
   'username': u'eitz...@google.com'},
  {'detail_url': u'http://code.google.com/u/102142228864728066147',
   'person_id': u'102142228864728066147',
   'role': u'owner',
   'username': u'cfine...@google.com'},
  {'detail_url': u'http://code.google.com/u/113687955352881708300',
   'person_id': u'113687955352881708300',
   'role': u'owner',
   'username': u'hueb...@google.com'},
  {'detail_url': u'http://code.google.com/u/103489317480361120989',
   'person_id': u'103489317480361120989',
   'role': u'owner',
   'username': u'seano...@google.com'},
  {'detail_url': u'http://code.google.com/u/116795161459032970681',
   'person_id': u'116795161459032970681',
   'role': u'owner',
   'username': u'jbelmo...@google.com'},
  {'detail_url': u'http://code.google.com/u/114718913231171853730',
   'person_id': u'114718913231171853730',
   'role': u'owner',
   'username': u'eobr...@google.com'},
  {'detail_url': u'http://code.google.com/u/105076080506070116941',
   'person_id': u'105076080506070116941',
   'role': u'owner',
   'username': u'mbell...@google.com'},
  {'detail_url': u'http://code.google.com/u/116138211434833963648',
   'person_id': u'116138211434833963648',
   'role': u'owner',
   'username': u'dsapirst...@google.com'},
  {'detail_url': u'http://code.google.com/u/100194935616318134259',
   'person_id': u'100194935616318134259',
   'role': u'owner',
   'username': u'jenn...@google.com'},
  {'detail_url': u'http://code.google.com/u/100246689248075583981',
   'person_id': u'100246689248075583981',
   'role': u'owner',
   'username': u'ka...@google.com'},
  {'detail_url': u'http://code.google.com/u/113868668344275390394',
   'person_id': u'113868668344275390394',
   'role': u'owner',
   'username': u'dlor...@google.com'},
  {'detail_url': u'http://code.google.com/u/103583126526625974079',
   'person_id': u'103583126526625974079',
   'role': u'owner',
   'username': u'jra...@google.com'},
  {'detail_url': u'http://code.google.com/u/102055920321235725941',
   'person_id': u'102055920321235725941',
   'role': u'owner',
   'username': u'tornat...@google.com'},
  {'detail_url': u'http://code.google.com/u/107816629247014348924',
   'person_id': u'107816629247014348924',
   'role': u'owner',
   'username': u'r...@google.com'},
  {'detail_url': u'http://code.google.com/u/112655625966101918875',
   'person_id': u'112655625966101918875',
   'role': u'owner',
   'username': u'tjan...@google.com'},
  {'detail_url': u'http://code.google.com/u/115842471675170179894',
   'person_id': u'115842471675170179894',
   'role': u'owner',
   'username': u'chrisb...@google.com'},
  {'detail_url': u'http://code.google.com/u/105915358004669775363',
   'person_id': u'105915358004669775363',
   'role': u'owner',
   'username': u'fly...@google.com'},
  {'detail_url': u'http://code.google.com/u/cramsdale@google.com',
   'person_id': u'cramsdale@google.com',
   'role': u'owner',
   'username': u'cramsdale@google.com'},
  {'detail_url': u'http://code.google.com/u/115450147142805723387',
   'person_id': u'115450147142805723387',
   'role': u'owner',
   'username': u'gl...@google.com'},
  {'detail_url': u'http://code.google.com/u/106449841234129004165',
   'person_id': u'106449841234129004165',
   'role': u'owner',
   'username': u'apol...@google.com'},
  {'detail_url': u'http://code.google.com/u/110625459638829729342',
   'person_id': u'110625459638829729342',
   'role': u'owner',
   'username': u'j...@google.com'},
  {'detail_url': u'http://code.google.com/u/106351015383216816662',
   'person_id': u'106351015383216816662',
   'role': u'owner',
   'username': u'eddavis...@google.com'},
  {'detail_url': u'http://code.google.com/u/106246841862570943451',
   'person_id': u'106246841862570943451',
   'role': u'owner',
   'username': u'haz...@google.com'},
  {'detail_url': u'http://code.google.com/u/111392614520138574620',
   'person_id': u'111392614520138574620',
   'role': u'owner',
   'username': u'alexm...@google.com'},
  {'detail_url': u'http://code.google.com/u/115991626101268118033',
   'person_id': u'115991626101268118033',
   'role': u'owner',
   'username': u'je...@google.com'},
  {'detail_url': u'http://code.google.com/u/102889866133383866992',
   'person_id': u'102889866133383866992',
   'role': u'owner',
   'username': u'dew...@google.com'},
  {'detail_url': u'http://code.google.com/u/117283591689575222130',
   'person_id': u'117283591689575222130',
   'role': u'owner',
   'username': u'jes...@google.com'},
  {'detail_url': u'http://code.google.com/u/104248425957414959349',
   'person_id': u'104248425957414959349',
   'role': u'owner',
   'username': u'a...@google.com'},
  {'detail_url': u'http://code.google.com/u/115432098446691782827',
   'person_id': u'115432098446691782827',
   'role': u'owner',
   'username': u'robpar...@google.com'},
  {'detail_url': u'http://code.google.com/u/116647515841970862898',
   'person_id': u'116647515841970862898',
   'role': u'owner',
   'username': u'm...@google.com'},
  {'detail_url': u'http://code.google.com/u/114844522765315426578',
   'person_id': u'114844522765315426578',
   'role': u'owner',
   'username': u've...@google.com'},
  {'detail_url': u'http://code.google.com/u/108438791020075949851',
   'person_id': u'108438791020075949851',
   'role': u'owner',
   'username': u'pcoste...@google.com'},
  {'detail_url': u'http://code.google.com/u/101125533086180388183',
   'person_id': u'101125533086180388183',
   'role': u'owner',
   'username': u'mars...@google.com'},
  {'detail_url': u'http://code.google.com/u/111420788091506295395',
   'person_id': u'111420788091506295395',
   'role': u'owner',
   'username': u'bur...@google.com'},
  {'detail_url': u'http://code.google.com/u/108249408741635179978',
   'person_id': u'108249408741635179978',
   'role': u'owner',
   'username': u'ba...@google.com'},
  {'detail_url': u'http://code.google.com/u/113522662656848473653',
   'person_id': u'113522662656848473653',
   'role': u'owner',
   'username': u'gmle...@google.com'},
  {'detail_url': u'http://code.google.com/u/105312616693004623842',
   'person_id': u'105312616693004623842',
   'role': u'owner',
   'username': u'hanss...@google.com'},
  {'detail_url': u'http://code.google.com/u/102412056724930300163',
   'person_id': u'102412056724930300163',
   'role': u'owner',
   'username': u'vijku...@google.com'},
  {'detail_url': u'http://code.google.com/u/103976375040211628612',
   'person_id': u'103976375040211628612',
   'role': u'owner',
   'username': u'mai...@google.com'},
  {'detail_url': u'http://code.google.com/u/102775521716507560407',
   'person_id': u'102775521716507560407',
   'role': u'owner',
   'username': u'me...@google.com'},
  {'detail_url': u'http://code.google.com/u/113782715780783394064',
   'person_id': u'113782715780783394064',
   'role': u'owner',
   'username': u'y...@google.com'},
  {'detail_url': u'http://code.google.com/u/100331001547570453235',
   'person_id': u'100331001547570453235',
   'role': u'owner',
   'username': u'brian...@google.com'},
  {'detail_url': u'http://code.google.com/u/101116869335971527117',
   'person_id': u'101116869335971527117',
   'role': u'owner',
   'username': u'boombato...@google.com'},
  {'detail_url': u'http://code.google.com/u/117332155563807359868',
   'person_id': u'117332155563807359868',
   'role': u'owner',
   'username': u'd...@google.com'},
  {'detail_url': u'http://code.google.com/u/104928410093760728214',
   'person_id': u'104928410093760728214',
   'role': u'owner',
   'username': u'emcma...@google.com'},
  {'detail_url': u'http://code.google.com/u/ilevy@google.com',
   'person_id': u'ilevy@google.com',
   'role': u'owner',
   'username': u'ilevy@google.com'},
  {'detail_url': u'http://code.google.com/u/112483456610755024575',
   'person_id': u'112483456610755024575',
   'role': u'owner',
   'username': u'ggo...@google.com'},
  {'detail_url': u'http://code.google.com/u/116388074391660719870',
   'person_id': u'116388074391660719870',
   'role': u'owner',
   'username': u'm...@google.com'},
  {'detail_url': u'http://code.google.com/u/115455693975823287631',
   'person_id': u'115455693975823287631',
   'role': u'owner',
   'username': u'r...@google.com'}],
 [u'http://code.google.com/p/redis/people/list?num=50&start=100'])