([{'detail_url': u'http://code.google.com/u/114910874775399160247',
   'person_id': u'114910874775399160247',
   'role': u'committer',
   'username': u'appengin...@google.com'},
  {'detail_url': u'http://code.google.com/u/117148910478205341560',
   'person_id': u'117148910478205341560',
   'role': u'committer',
   'username': u'jfmontes...@google.com'},
  {'detail_url': u'http://code.google.com/u/momander@google.com',
   'person_id': u'momander@google.com',
   'role': u'committer',
   'username': u'momander@google.com'},
  {'detail_url': u'http://code.google.com/u/ljv@google.com',
   'person_id': u'ljv@google.com',
   'role': u'committer',
   'username': u'ljv@google.com'},
  {'detail_url': u'http://code.google.com/u/115666869346612787872',
   'person_id': u'115666869346612787872',
   'role': u'committer',
   'username': u'rclev...@google.com'},
  {'detail_url': u'http://code.google.com/u/108417154730426248784',
   'person_id': u'108417154730426248784',
   'role': u'committer',
   'username': u'joaomart...@google.com'},
  {'detail_url': u'http://code.google.com/u/100092490229707601747',
   'person_id': u'100092490229707601747',
   'role': u'committer',
   'username': u'jossel...@google.com'},
  {'detail_url': u'http://code.google.com/u/109559648365456058347',
   'person_id': u'109559648365456058347',
   'role': u'committer',
   'username': u'jlo...@google.com'},
  {'detail_url': u'http://code.google.com/u/102522909221496625357',
   'person_id': u'102522909221496625357',
   'role': u'committer',
   'username': u'johndy...@google.com'},
  {'detail_url': u'http://code.google.com/u/sethladd@google.com',
   'person_id': u'sethladd@google.com',
   'role': u'committer',
   'username': u'sethladd@google.com'},
  {'detail_url': u'http://code.google.com/u/dbentley@google.com',
   'person_id': u'dbentley@google.com',
   'role': u'contributor',
   'username': u'dbentley@google.com'},
  {'detail_url': u'http://code.google.com/u/113191577138302349696',
   'person_id': u'113191577138302349696',
   'role': u'contributor',
   'username': u'chrsm...@google.com'},
  {'detail_url': u'http://code.google.com/u/110578020665222290379',
   'person_id': u'110578020665222290379',
   'role': u'contributor',
   'username': u'pra...@google.com'},
  {'detail_url': u'http://code.google.com/u/104163123125361871296',
   'person_id': u'104163123125361871296',
   'role': u'contributor',
   'username': u'dsymo...@golang.org'},
  {'detail_url': u'http://code.google.com/u/106526975096482455499',
   'person_id': u'106526975096482455499',
   'role': u'contributor',
   'username': u'nigel...@golang.org'},
  {'detail_url': u'http://code.google.com/u/100286702820630408464',
   'person_id': u'100286702820630408464',
   'role': u'contributor',
   'username': u'd...@golang.org'},
  {'detail_url': u'http://code.google.com/u/114301740068660616000',
   'person_id': u'114301740068660616000',
   'role': u'contributor',
   'username': u'ludovic....@gmail.com'},
  {'detail_url': u'http://code.google.com/u/108386450292187497346',
   'person_id': u'108386450292187497346',
   'role': u'contributor',
   'username': u'appengin...@gmail.com'},
  {'detail_url': u'http://code.google.com/u/110098159033305088114',
   'person_id': u'110098159033305088114',
   'role': u'contributor',
   'username': u'issuetra...@gmail.com'},
  {'detail_url': u'http://code.google.com/u/103218389793549126743',
   'person_id': u'103218389793549126743',
   'role': u'commit',
   'username': u'appengin...@gmail.com'},
  {'detail_url': u'http://code.google.com/u/104236289207128149909',
   'person_id': u'104236289207128149909',
   'role': u'contributor',
   'username': u'jy...@google.com'},
  {'detail_url': u'http://code.google.com/u/101572784969239016266',
   'person_id': u'101572784969239016266',
   'role': u'contributor',
   'username': u'ta...@google.com'},
  {'detail_url': u'http://code.google.com/u/108216592418953070263',
   'person_id': u'108216592418953070263',
   'role': u'contributor',
   'username': u'ionconst...@google.com'},
  {'detail_url': u'http://code.google.com/u/116789736728816757121',
   'person_id': u'116789736728816757121',
   'role': u'contributor',
   'username': u'erico...@google.com'},
  {'detail_url': u'http://code.google.com/u/115889912422524110340',
   'person_id': u'115889912422524110340',
   'role': u'contributor',
   'username': u'kd...@google.com'},
  {'detail_url': u'http://code.google.com/u/115521519442643555226',
   'person_id': u'115521519442643555226',
   'role': u'contributor',
   'username': u'c...@google.com'}],
 [])