([{'detail_url': u'http://code.google.com/u/116760533285214970514',
   'person_id': u'116760533285214970514',
   'role': u'adminonly',
   'username': u'issue-tr...@chromium.org'},
  {'detail_url': u'http://code.google.com/u/118112564598321939359',
   'person_id': u'118112564598321939359',
   'role': u'committer',
   'username': u'committ...@chromium.org'},
  {'detail_url': u'http://code.google.com/u/113222772487968858750',
   'person_id': u'113222772487968858750',
   'role': u'committer',
   'username': u'crash...@chromium.org'},
  {'detail_url': u'http://code.google.com/u/102863840347057966087',
   'person_id': u'102863840347057966087',
   'role': u'committer',
   'username': u'r...@google.com'},
  {'detail_url': u'http://code.google.com/u/102514013032107441973',
   'person_id': u'102514013032107441973',
   'role': u'committer',
   'username': u'su...@chromium.org'},
  {'detail_url': u'http://code.google.com/u/103223086427929847032',
   'person_id': u'103223086427929847032',
   'role': u'committer',
   'username': u'security...@chromium.org'},
  {'detail_url': u'http://code.google.com/u/rtoy@chromium.org',
   'person_id': u'rtoy@chromium.org',
   'role': u'committer',
   'username': u'rtoy@chromium.org'},
  {'detail_url': u'http://code.google.com/u/115781803426867024288',
   'person_id': u'115781803426867024288',
   'role': u'committer',
   'username': u'cwi...@chromium.org'},
  {'detail_url': u'http://code.google.com/u/110623819354539474122',
   'person_id': u'110623819354539474122',
   'role': u'chromeprivacy',
   'username': u'chrome-p...@chromium.org'},
  {'detail_url': u'http://code.google.com/u/100017422107710493587',
   'person_id': u'100017422107710493587',
   'role': u'chromeflash',
   'username': u'chromefl...@chromium.org'},
  {'detail_url': u'http://code.google.com/u/clusterfuzz@chromium.org',
   'person_id': u'clusterfuzz@chromium.org',
   'role': u'contributor',
   'username': u'clusterfuzz@chromium.org'},
  {'detail_url': u'http://code.google.com/u/116288558806137856875',
   'person_id': u'116288558806137856875',
   'role': u'commit',
   'username': u'commit-b...@chromium.org'},
  {'detail_url': u'http://code.google.com/u/102749300698603949926',
   'person_id': u'102749300698603949926',
   'role': u'commit',
   'username': u'conops-b...@chromium.org'},
  {'detail_url': u'http://code.google.com/u/103500714954349497020',
   'person_id': u'103500714954349497020',
   'role': u'contributor',
   'username': u'delete-b...@chromium.org'},
  {'detail_url': u'http://code.google.com/u/115698078079012093070',
   'person_id': u'115698078079012093070',
   'role': u'contributor',
   'username': u'edit-bug...@chromium.org'},
  {'detail_url': u'http://code.google.com/u/100642183700400474231',
   'person_id': u'100642183700400474231',
   'role': u'contributor',
   'username': u'private-...@chromium.org'},
  {'detail_url': u'http://code.google.com/u/111276132127695104544',
   'person_id': u'111276132127695104544',
   'role': u'commit',
   'username': u'secur...@chromium.org'},
  {'detail_url': u'http://code.google.com/u/107039485476274916191',
   'person_id': u'107039485476274916191',
   'role': u'contributor',
   'username': u'security...@chromium.org'},
  {'detail_url': u'http://code.google.com/u/103915339787023994009',
   'person_id': u'103915339787023994009',
   'role': u'alloy',
   'username': u'googl...@chromium.org'},
  {'detail_url': u'http://code.google.com/u/100862372937053798286',
   'person_id': u'100862372937053798286',
   'role': u'contributor',
   'username': u'chromium...@google.com'},
  {'detail_url': u'http://code.google.com/u/105294784706119124650',
   'person_id': u'105294784706119124650',
   'role': u'contributor',
   'username': u'ext-goog...@chromium.org'},
  {'detail_url': u'http://code.google.com/u/111822654297308199898',
   'person_id': u'111822654297308199898',
   'role': u'alloy',
   'username': u'al...@chromium.org'},
  {'detail_url': u'http://code.google.com/u/111761992029185094701',
   'person_id': u'111761992029185094701',
   'role': u'contributor',
   'username': u'alloy-do...@google.com'},
  {'detail_url': u'http://code.google.com/u/107130075568443268070',
   'person_id': u'107130075568443268070',
   'role': u'contributor',
   'username': u'adobe-fl...@chromium.org'},
  {'detail_url': u'http://code.google.com/u/117579554428579899633',
   'person_id': u'117579554428579899633',
   'role': u'contributor',
   'username': u'quickoff...@googlegroups.com'}],
 [])