([{'detail_url': u'http://code.google.com/u/mad@chromium.org',
   'person_id': u'mad@chromium.org',
   'role': u'owner',
   'username': u'mad@chromium.org'},
  {'detail_url': u'http://code.google.com/u/csharp@chromium.org',
   'person_id': u'csharp@chromium.org',
   'role': u'owner',
   'username': u'csharp@chromium.org'},
  {'detail_url': u'http://code.google.com/u/maruel@chromium.org',
   'person_id': u'maruel@chromium.org',
   'role': u'owner',
   'username': u'maruel@chromium.org'},
  {'detail_url': u'http://code.google.com/u/vadimsh@chromium.org',
   'person_id': u'vadimsh@chromium.org',
   'role': u'owner',
   'username': u'vadimsh@chromium.org'},
  {'detail_url': u'http://code.google.com/u/108662825873451018571',
   'person_id': u'108662825873451018571',
   'role': u'committer',
   'username': u'ganet...@chromium.org'},
  {'detail_url': u'http://code.google.com/u/kbr@chromium.org',
   'person_id': u'kbr@chromium.org',
   'role': u'committer',
   'username': u'kbr@chromium.org'},
  {'detail_url': u'http://code.google.com/u/iannucci@chromium.org',
   'person_id': u'iannucci@chromium.org',
   'role': u'committer',
   'username': u'iannucci@chromium.org'},
  {'detail_url': u'http://code.google.com/u/kmg@chromium.org',
   'person_id': u'kmg@chromium.org',
   'role': u'committer',
   'username': u'kmg@chromium.org'},
  {'detail_url': u'http://code.google.com/u/vapier@chromium.org',
   'person_id': u'vapier@chromium.org',
   'role': u'committer',
   'username': u'vapier@chromium.org'},
  {'detail_url': u'http://code.google.com/u/cmp@chromium.org',
   'person_id': u'cmp@chromium.org',
   'role': u'contributor',
   'username': u'cmp@chromium.org'}],
 [])