(1,
 9,
 9,
 (u'http://code.google.com/a/apache-extras.org/p/pylucene-extra/detail?name=lucene-2.9.3-py2.6-macosx-10.6-universal.egg&can=1&q=',
  u'http://code.google.com/a/apache-extras.org/p/pylucene-extra/detail?name=JCC-2.7-py2.6-macosx-10.6-universal.egg&can=1&q=',
  u'http://code.google.com/a/apache-extras.org/p/pylucene-extra/detail?name=lucene-3.1.0-py2.6-macosx-10.6-universal.egg&can=1&q=',
  u'http://code.google.com/a/apache-extras.org/p/pylucene-extra/detail?name=JCC-2.8-py2.6-macosx-10.6-universal.egg&can=1&q=',
  u'http://code.google.com/a/apache-extras.org/p/pylucene-extra/detail?name=lucene-3.1.0-py2.7-win32.egg&can=1&q=',
  u'http://code.google.com/a/apache-extras.org/p/pylucene-extra/detail?name=JCC-2.8-py2.7-win32.egg&can=1&q=',
  u'http://code.google.com/a/apache-extras.org/p/pylucene-extra/detail?name=lucene-3.1.0-py2.6-win32.egg&can=1&q=',
  u'http://code.google.com/a/apache-extras.org/p/pylucene-extra/detail?name=JCC-2.8-py2.6-win32.egg&can=1&q=',
  u'http://code.google.com/a/apache-extras.org/p/pylucene-extra/detail?name=lucene-3.1.0-py2.5-linux-x86_64.egg&can=1&q='),
 (u'http//pylucene-extra.apache-extras.org.codespot.com/files/lucene-2.9.3-py2.6-macosx-10.6-universal.egg',
  u'http//pylucene-extra.apache-extras.org.codespot.com/files/JCC-2.7-py2.6-macosx-10.6-universal.egg',
  u'http//pylucene-extra.apache-extras.org.codespot.com/files/lucene-3.1.0-py2.6-macosx-10.6-universal.egg',
  u'http//pylucene-extra.apache-extras.org.codespot.com/files/JCC-2.8-py2.6-macosx-10.6-universal.egg',
  u'http//pylucene-extra.apache-extras.org.codespot.com/files/lucene-3.1.0-py2.7-win32.egg',
  u'http//pylucene-extra.apache-extras.org.codespot.com/files/JCC-2.8-py2.7-win32.egg',
  u'http//pylucene-extra.apache-extras.org.codespot.com/files/lucene-3.1.0-py2.6-win32.egg',
  u'http//pylucene-extra.apache-extras.org.codespot.com/files/JCC-2.8-py2.6-win32.egg',
  u'http//pylucene-extra.apache-extras.org.codespot.com/files/lucene-3.1.0-py2.5-linux-x86_64.egg'))