([u'http://flossmole.googlecode.com/files/rfProjectList2009-Mar.txt.bz2',
  u'http://flossmole.googlecode.com/files/rfDeveloperProjects2009-Mar.txt.bz2',
  u'http://flossmole.googlecode.com/files/rfProjectLicense2009-Mar.txt.bz2',
  u'http://flossmole.googlecode.com/files/fsfDeveloperProjects2009-Mar.txt.bz2',
  u'http://flossmole.googlecode.com/files/fsfProjectRequirements2009-Mar.txt.bz2',
  u'http://flossmole.googlecode.com/files/fsfProjectRelated2009-Mar.txt.bz2',
  u'http://flossmole.googlecode.com/files/fsfProjectLicenses2009-Mar.txt.bz2',
  u'http://flossmole.googlecode.com/files/fsfProjectInterfaces2009-Mar.txt.bz2',
  u'http://flossmole.googlecode.com/files/fsfProjectInfo2009-Mar.txt.bz2',
  u'http://flossmole.googlecode.com/files/owProjectIntAud2009-Mar.txt.bz2',
  u'http://flossmole.googlecode.com/files/owProjectTopic2009-Mar.txt.bz2',
  u'http://flossmole.googlecode.com/files/owProjectInfo2009-Mar.txt.bz2',
  u'http://flossmole.googlecode.com/files/owProjectStatus2009-Mar.txt.bz2',
  u'http://flossmole.googlecode.com/files/owProjectEnvironment2009-Mar.txt.bz2',
  u'http://flossmole.googlecode.com/files/owProjectProgLang2009-Mar.txt.bz2',
  u'http://flossmole.googlecode.com/files/owProjectDescription2009-Mar.txt.bz2',
  u'http://flossmole.googlecode.com/files/owProjectOpSys2009-Mar.txt.bz2',
  u'http://flossmole.googlecode.com/files/owDevelopers2009-Mar.txt.bz2',
  u'http://flossmole.googlecode.com/files/owProjectList2009-Mar.txt.bz2',
  u'http://flossmole.googlecode.com/files/owDeveloperProjects2009-Mar.txt.bz2',
  u'http://flossmole.googlecode.com/files/owProjectLicense2009-Mar.txt.bz2',
  u'http://flossmole.googlecode.com/files/fmTroveDefs2009-Mar.txt.bz2',
  u'http://flossmole.googlecode.com/files/fmProjectInfo2009-Mar.txt.bz2',
  u'http://flossmole.googlecode.com/files/fmProjectTrove2009-Mar.txt.bz2',
  u'http://flossmole.googlecode.com/files/fmProjectDescriptions2009-Mar.txt.bz2',
  u'http://flossmole.googlecode.com/files/fmProjectStats2009-Mar.txt.bz2',
  u'http://flossmole.googlecode.com/files/fmProjectAuthors2009-Mar.txt.bz2',
  u'http://flossmole.googlecode.com/files/fmProjectLicense2009-Mar.txt.bz2',
  u'http://flossmole.googlecode.com/files/fsfDeveloperProjects2009-Feb.txt.bz2',
  u'http://flossmole.googlecode.com/files/fsfProjectRequirements2009-Feb.txt.bz2',
  u'http://flossmole.googlecode.com/files/fsfProjectRelated2009-Feb.txt.bz2',
  u'http://flossmole.googlecode.com/files/fsfProjectLicenses2009-Feb.txt.bz2',
  u'http://flossmole.googlecode.com/files/fsfProjectInterfaces2009-Feb.txt.bz2',
  u'http://flossmole.googlecode.com/files/fsfProjectInfo2009-Feb.txt.bz2',
  u'http://flossmole.googlecode.com/files/owProjectIntAud2009-Feb.txt.bz2',
  u'http://flossmole.googlecode.com/files/owProjectTopic2009-Feb.txt.bz2',
  u'http://flossmole.googlecode.com/files/owProjectInfo2009-Feb.txt.bz2',
  u'http://flossmole.googlecode.com/files/owProjectStatus2009-Feb.txt.bz2',
  u'http://flossmole.googlecode.com/files/owProjectEnvironment2009-Feb.txt.bz2',
  u'http://flossmole.googlecode.com/files/owProjectProgLang2009-Feb.txt.bz2',
  u'http://flossmole.googlecode.com/files/owProjectDescription2009-Feb.txt.bz2',
  u'http://flossmole.googlecode.com/files/owProjectOpSys2009-Feb.txt.bz2',
  u'http://flossmole.googlecode.com/files/owDevelopers2009-Feb.txt.bz2',
  u'http://flossmole.googlecode.com/files/owProjectList2009-Feb.txt.bz2',
  u'http://flossmole.googlecode.com/files/owDeveloperProjects2009-Feb.txt.bz2',
  u'http://flossmole.googlecode.com/files/owProjectLicense2009-Feb.txt.bz2',
  u'http://flossmole.googlecode.com/files/rfProjectTopic2009-Feb.txt.bz2',
  u'http://flossmole.googlecode.com/files/rfProjectIntAud2009-Feb.txt.bz2',
  u'http://flossmole.googlecode.com/files/rfProjectStatus2009-Feb.txt.bz2',
  u'http://flossmole.googlecode.com/files/rfProjectInfo2009-Feb.txt.bz2',
  u'http://flossmole.googlecode.com/files/rfProjectProgLang2009-Feb.txt.bz2',
  u'http://flossmole.googlecode.com/files/rfProjectEnvironment2009-Feb.txt.bz2',
  u'http://flossmole.googlecode.com/files/rfProjectOpSys2009-Feb.txt.bz2',
  u'http://flossmole.googlecode.com/files/rfProjectDescription2009-Feb.txt.bz2',
  u'http://flossmole.googlecode.com/files/rfProjectNatLang2009-Feb.txt.bz2',
  u'http://flossmole.googlecode.com/files/rfDevelopers2009-Feb.txt.bz2',
  u'http://flossmole.googlecode.com/files/rfProjectList2009-Feb.txt.bz2',
  u'http://flossmole.googlecode.com/files/rfDeveloperProjects2009-Feb.txt.bz2',
  u'http://flossmole.googlecode.com/files/rfProjectLicense2009-Feb.txt.bz2',
  u'http://flossmole.googlecode.com/files/fmTroveDefs2009-Feb.txt.bz2',
  u'http://flossmole.googlecode.com/files/fmProjectInfo2009-Feb.txt.bz2',
  u'http://flossmole.googlecode.com/files/fmProjectTrove2009-Feb.txt.bz2',
  u'http://flossmole.googlecode.com/files/fmProjectDescriptions2009-Feb.txt.bz2',
  u'http://flossmole.googlecode.com/files/fmProjectStats2009-Feb.txt.bz2',
  u'http://flossmole.googlecode.com/files/fmProjectAuthors2009-Feb.txt.bz2',
  u'http://flossmole.googlecode.com/files/fmProjectLicense2009-Feb.txt.bz2',
  u'http://flossmole.googlecode.com/files/sfRawPublicAreas2009-Feb.txt.bz2',
  u'http://flossmole.googlecode.com/files/sfRawTranslations2009-Feb.txt.bz2',
  u'http://flossmole.googlecode.com/files/sfRawUserIntData2009-Feb.txt.bz2',
  u'http://flossmole.googlecode.com/files/sfRawTrackerData2009-Feb.txt.bz2',
  u'http://flossmole.googlecode.com/files/sfRawTopicData2009-Feb.txt.bz2',
  u'http://flossmole.googlecode.com/files/sfRawStatusData2009-Feb.txt.bz2',
  u'http://flossmole.googlecode.com/files/sfRawRealUrlData2009-Feb.txt.bz2',
  u'http://flossmole.googlecode.com/files/sfRawRanksData2009-Feb.txt.bz2',
  u'http://flossmole.googlecode.com/files/sfRawProgLangData2009-Feb.txt.bz2',
  u'http://flossmole.googlecode.com/files/sfRawOpSysData2009-Feb.txt.bz2',
  u'http://flossmole.googlecode.com/files/sfRawLicenseData2009-Feb.txt.bz2',
  u'http://flossmole.googlecode.com/files/sfRawIntAudData2009-Feb.txt.bz2',
  u'http://flossmole.googlecode.com/files/sfRawForumPosts2009-Feb.txt.bz2',
  u'http://flossmole.googlecode.com/files/sfRawDownloadsData2009-Feb.txt.bz2',
  u'http://flossmole.googlecode.com/files/sfRawDonorsData2009-Feb.txt.bz2',
  u'http://flossmole.googlecode.com/files/sfRawDeveloperProjectData2009-Feb.txt.bz2',
  u'http://flossmole.googlecode.com/files/sfRawDeveloperData2009-Feb.txt.bz2',
  u'http://flossmole.googlecode.com/files/sfRawDbEnvData2009-Feb.txt.bz2',
  u'http://flossmole.googlecode.com/files/sfProjectList2009-Feb.txt.bz2',
  u'http://flossmole.googlecode.com/files/sfProjectInfo2009-Feb.txt.bz2',
  u'http://flossmole.googlecode.com/files/sfProjectDesc2009-Feb.txt.bz2',
  u'http://flossmole.googlecode.com/files/datamart_sf_stats.2008-Dec.sql.bz2',
  u'http://flossmole.googlecode.com/files/datamart_sf_other.2008-Dec.sql.bz2',
  u'http://flossmole.googlecode.com/files/datamart_top_forges.2008-Dec.sql.bz2',
  u'http://flossmole.googlecode.com/files/datamart_top_datasources.2008-Dec.sql.bz2',
  u'http://flossmole.googlecode.com/files/datamart_rf.2008-Dec.sql.bz2',
  u'http://flossmole.googlecode.com/files/datamart_ow.2008-Dec.sql.bz2',
  u'http://flossmole.googlecode.com/files/datamart_fm_trove_defs.2008-Dec.sql.bz2',
  u'http://flossmole.googlecode.com/files/datamart_fm_project_trove.2008-Dec.sql.bz2',
  u'http://flossmole.googlecode.com/files/datamart_fm_other.2008-Dec.sql.bz2',
  u'http://flossmole.googlecode.com/files/datamart_fm_projects.2008-Dec.sql.bz2',
  u'http://flossmole.googlecode.com/files/sfRawPublicAreas2008-Dec.txt.bz2',
  u'http://flossmole.googlecode.com/files/sfRawTranslations2008-Dec.txt.bz2',
  u'http://flossmole.googlecode.com/files/sfRawUserIntData2008-Dec.txt.bz2'],
 [u'http://code.google.com/p/android-scripting/downloads/detail?name=datamart_fm_other.2008-Dec.sql.bz2&can=1&q=',
  u'http://code.google.com/p/android-scripting/downloads/detail?name=datamart_fm_project_trove.2008-Dec.sql.bz2&can=1&q=',
  u'http://code.google.com/p/android-scripting/downloads/detail?name=datamart_fm_projects.2008-Dec.sql.bz2&can=1&q=',
  u'http://code.google.com/p/android-scripting/downloads/detail?name=datamart_fm_trove_defs.2008-Dec.sql.bz2&can=1&q=',
  u'http://code.google.com/p/android-scripting/downloads/detail?name=datamart_ow.2008-Dec.sql.bz2&can=1&q=',
  u'http://code.google.com/p/android-scripting/downloads/detail?name=datamart_rf.2008-Dec.sql.bz2&can=1&q=',
  u'http://code.google.com/p/android-scripting/downloads/detail?name=datamart_sf_other.2008-Dec.sql.bz2&can=1&q=',
  u'http://code.google.com/p/android-scripting/downloads/detail?name=datamart_sf_stats.2008-Dec.sql.bz2&can=1&q=',
  u'http://code.google.com/p/android-scripting/downloads/detail?name=datamart_top_datasources.2008-Dec.sql.bz2&can=1&q=',
  u'http://code.google.com/p/android-scripting/downloads/detail?name=datamart_top_forges.2008-Dec.sql.bz2&can=1&q=',
  u'http://code.google.com/p/android-scripting/downloads/detail?name=fmProjectAuthors2009-Feb.txt.bz2&can=1&q=',
  u'http://code.google.com/p/android-scripting/downloads/detail?name=fmProjectAuthors2009-Mar.txt.bz2&can=1&q=',
  u'http://code.google.com/p/android-scripting/downloads/detail?name=fmProjectDescriptions2009-Feb.txt.bz2&can=1&q=',
  u'http://code.google.com/p/android-scripting/downloads/detail?name=fmProjectDescriptions2009-Mar.txt.bz2&can=1&q=',
  u'http://code.google.com/p/android-scripting/downloads/detail?name=fmProjectInfo2009-Feb.txt.bz2&can=1&q=',
  u'http://code.google.com/p/android-scripting/downloads/detail?name=fmProjectInfo2009-Mar.txt.bz2&can=1&q=',
  u'http://code.google.com/p/android-scripting/downloads/detail?name=fmProjectLicense2009-Feb.txt.bz2&can=1&q=',
  u'http://code.google.com/p/android-scripting/downloads/detail?name=fmProjectLicense2009-Mar.txt.bz2&can=1&q=',
  u'http://code.google.com/p/android-scripting/downloads/detail?name=fmProjectStats2009-Feb.txt.bz2&can=1&q=',
  u'http://code.google.com/p/android-scripting/downloads/detail?name=fmProjectStats2009-Mar.txt.bz2&can=1&q=',
  u'http://code.google.com/p/android-scripting/downloads/detail?name=fmProjectTrove2009-Feb.txt.bz2&can=1&q=',
  u'http://code.google.com/p/android-scripting/downloads/detail?name=fmProjectTrove2009-Mar.txt.bz2&can=1&q=',
  u'http://code.google.com/p/android-scripting/downloads/detail?name=fmTroveDefs2009-Feb.txt.bz2&can=1&q=',
  u'http://code.google.com/p/android-scripting/downloads/detail?name=fmTroveDefs2009-Mar.txt.bz2&can=1&q=',
  u'http://code.google.com/p/android-scripting/downloads/detail?name=fsfDeveloperProjects2009-Feb.txt.bz2&can=1&q=',
  u'http://code.google.com/p/android-scripting/downloads/detail?name=fsfDeveloperProjects2009-Mar.txt.bz2&can=1&q=',
  u'http://code.google.com/p/android-scripting/downloads/detail?name=fsfProjectInfo2009-Feb.txt.bz2&can=1&q=',
  u'http://code.google.com/p/android-scripting/downloads/detail?name=fsfProjectInfo2009-Mar.txt.bz2&can=1&q=',
  u'http://code.google.com/p/android-scripting/downloads/detail?name=fsfProjectInterfaces2009-Feb.txt.bz2&can=1&q=',
  u'http://code.google.com/p/android-scripting/downloads/detail?name=fsfProjectInterfaces2009-Mar.txt.bz2&can=1&q=',
  u'http://code.google.com/p/android-scripting/downloads/detail?name=fsfProjectLicenses2009-Feb.txt.bz2&can=1&q=',
  u'http://code.google.com/p/android-scripting/downloads/detail?name=fsfProjectLicenses2009-Mar.txt.bz2&can=1&q=',
  u'http://code.google.com/p/android-scripting/downloads/detail?name=fsfProjectRelated2009-Feb.txt.bz2&can=1&q=',
  u'http://code.google.com/p/android-scripting/downloads/detail?name=fsfProjectRelated2009-Mar.txt.bz2&can=1&q=',
  u'http://code.google.com/p/android-scripting/downloads/detail?name=fsfProjectRequirements2009-Feb.txt.bz2&can=1&q=',
  u'http://code.google.com/p/android-scripting/downloads/detail?name=fsfProjectRequirements2009-Mar.txt.bz2&can=1&q=',
  u'http://code.google.com/p/android-scripting/downloads/detail?name=owDeveloperProjects2009-Feb.txt.bz2&can=1&q=',
  u'http://code.google.com/p/android-scripting/downloads/detail?name=owDeveloperProjects2009-Mar.txt.bz2&can=1&q=',
  u'http://code.google.com/p/android-scripting/downloads/detail?name=owDevelopers2009-Feb.txt.bz2&can=1&q=',
  u'http://code.google.com/p/android-scripting/downloads/detail?name=owDevelopers2009-Mar.txt.bz2&can=1&q=',
  u'http://code.google.com/p/android-scripting/downloads/detail?name=owProjectDescription2009-Feb.txt.bz2&can=1&q=',
  u'http://code.google.com/p/android-scripting/downloads/detail?name=owProjectDescription2009-Mar.txt.bz2&can=1&q=',
  u'http://code.google.com/p/android-scripting/downloads/detail?name=owProjectEnvironment2009-Feb.txt.bz2&can=1&q=',
  u'http://code.google.com/p/android-scripting/downloads/detail?name=owProjectEnvironment2009-Mar.txt.bz2&can=1&q=',
  u'http://code.google.com/p/android-scripting/downloads/detail?name=owProjectInfo2009-Feb.txt.bz2&can=1&q=',
  u'http://code.google.com/p/android-scripting/downloads/detail?name=owProjectInfo2009-Mar.txt.bz2&can=1&q=',
  u'http://code.google.com/p/android-scripting/downloads/detail?name=owProjectIntAud2009-Feb.txt.bz2&can=1&q=',
  u'http://code.google.com/p/android-scripting/downloads/detail?name=owProjectIntAud2009-Mar.txt.bz2&can=1&q=',
  u'http://code.google.com/p/android-scripting/downloads/detail?name=owProjectLicense2009-Feb.txt.bz2&can=1&q=',
  u'http://code.google.com/p/android-scripting/downloads/detail?name=owProjectLicense2009-Mar.txt.bz2&can=1&q=',
  u'http://code.google.com/p/android-scripting/downloads/detail?name=owProjectList2009-Feb.txt.bz2&can=1&q=',
  u'http://code.google.com/p/android-scripting/downloads/detail?name=owProjectList2009-Mar.txt.bz2&can=1&q=',
  u'http://code.google.com/p/android-scripting/downloads/detail?name=owProjectOpSys2009-Feb.txt.bz2&can=1&q=',
  u'http://code.google.com/p/android-scripting/downloads/detail?name=owProjectOpSys2009-Mar.txt.bz2&can=1&q=',
  u'http://code.google.com/p/android-scripting/downloads/detail?name=owProjectProgLang2009-Feb.txt.bz2&can=1&q=',
  u'http://code.google.com/p/android-scripting/downloads/detail?name=owProjectProgLang2009-Mar.txt.bz2&can=1&q=',
  u'http://code.google.com/p/android-scripting/downloads/detail?name=owProjectStatus2009-Feb.txt.bz2&can=1&q=',
  u'http://code.google.com/p/android-scripting/downloads/detail?name=owProjectStatus2009-Mar.txt.bz2&can=1&q=',
  u'http://code.google.com/p/android-scripting/downloads/detail?name=owProjectTopic2009-Feb.txt.bz2&can=1&q=',
  u'http://code.google.com/p/android-scripting/downloads/detail?name=owProjectTopic2009-Mar.txt.bz2&can=1&q=',
  u'http://code.google.com/p/android-scripting/downloads/detail?name=rfDeveloperProjects2009-Feb.txt.bz2&can=1&q=',
  u'http://code.google.com/p/android-scripting/downloads/detail?name=rfDeveloperProjects2009-Mar.txt.bz2&can=1&q=',
  u'http://code.google.com/p/android-scripting/downloads/detail?name=rfDevelopers2009-Feb.txt.bz2&can=1&q=',
  u'http://code.google.com/p/android-scripting/downloads/detail?name=rfProjectDescription2009-Feb.txt.bz2&can=1&q=',
  u'http://code.google.com/p/android-scripting/downloads/detail?name=rfProjectEnvironment2009-Feb.txt.bz2&can=1&q=',
  u'http://code.google.com/p/android-scripting/downloads/detail?name=rfProjectInfo2009-Feb.txt.bz2&can=1&q=',
  u'http://code.google.com/p/android-scripting/downloads/detail?name=rfProjectIntAud2009-Feb.txt.bz2&can=1&q=',
  u'http://code.google.com/p/android-scripting/downloads/detail?name=rfProjectLicense2009-Feb.txt.bz2&can=1&q=',
  u'http://code.google.com/p/android-scripting/downloads/detail?name=rfProjectLicense2009-Mar.txt.bz2&can=1&q=',
  u'http://code.google.com/p/android-scripting/downloads/detail?name=rfProjectList2009-Feb.txt.bz2&can=1&q=',
  u'http://code.google.com/p/android-scripting/downloads/detail?name=rfProjectList2009-Mar.txt.bz2&can=1&q=',
  u'http://code.google.com/p/android-scripting/downloads/detail?name=rfProjectNatLang2009-Feb.txt.bz2&can=1&q=',
  u'http://code.google.com/p/android-scripting/downloads/detail?name=rfProjectOpSys2009-Feb.txt.bz2&can=1&q=',
  u'http://code.google.com/p/android-scripting/downloads/detail?name=rfProjectProgLang2009-Feb.txt.bz2&can=1&q=',
  u'http://code.google.com/p/android-scripting/downloads/detail?name=rfProjectStatus2009-Feb.txt.bz2&can=1&q=',
  u'http://code.google.com/p/android-scripting/downloads/detail?name=rfProjectTopic2009-Feb.txt.bz2&can=1&q=',
  u'http://code.google.com/p/android-scripting/downloads/detail?name=sfProjectDesc2009-Feb.txt.bz2&can=1&q=',
  u'http://code.google.com/p/android-scripting/downloads/detail?name=sfProjectInfo2009-Feb.txt.bz2&can=1&q=',
  u'http://code.google.com/p/android-scripting/downloads/detail?name=sfProjectList2009-Feb.txt.bz2&can=1&q=',
  u'http://code.google.com/p/android-scripting/downloads/detail?name=sfRawDbEnvData2009-Feb.txt.bz2&can=1&q=',
  u'http://code.google.com/p/android-scripting/downloads/detail?name=sfRawDeveloperData2009-Feb.txt.bz2&can=1&q=',
  u'http://code.google.com/p/android-scripting/downloads/detail?name=sfRawDeveloperProjectData2009-Feb.txt.bz2&can=1&q=',
  u'http://code.google.com/p/android-scripting/downloads/detail?name=sfRawDonorsData2009-Feb.txt.bz2&can=1&q=',
  u'http://code.google.com/p/android-scripting/downloads/detail?name=sfRawDownloadsData2009-Feb.txt.bz2&can=1&q=',
  u'http://code.google.com/p/android-scripting/downloads/detail?name=sfRawForumPosts2009-Feb.txt.bz2&can=1&q=',
  u'http://code.google.com/p/android-scripting/downloads/detail?name=sfRawIntAudData2009-Feb.txt.bz2&can=1&q=',
  u'http://code.google.com/p/android-scripting/downloads/detail?name=sfRawLicenseData2009-Feb.txt.bz2&can=1&q=',
  u'http://code.google.com/p/android-scripting/downloads/detail?name=sfRawOpSysData2009-Feb.txt.bz2&can=1&q=',
  u'http://code.google.com/p/android-scripting/downloads/detail?name=sfRawProgLangData2009-Feb.txt.bz2&can=1&q=',
  u'http://code.google.com/p/android-scripting/downloads/detail?name=sfRawPublicAreas2008-Dec.txt.bz2&can=1&q=',
  u'http://code.google.com/p/android-scripting/downloads/detail?name=sfRawPublicAreas2009-Feb.txt.bz2&can=1&q=',
  u'http://code.google.com/p/android-scripting/downloads/detail?name=sfRawRanksData2009-Feb.txt.bz2&can=1&q=',
  u'http://code.google.com/p/android-scripting/downloads/detail?name=sfRawRealUrlData2009-Feb.txt.bz2&can=1&q=',
  u'http://code.google.com/p/android-scripting/downloads/detail?name=sfRawStatusData2009-Feb.txt.bz2&can=1&q=',
  u'http://code.google.com/p/android-scripting/downloads/detail?name=sfRawTopicData2009-Feb.txt.bz2&can=1&q=',
  u'http://code.google.com/p/android-scripting/downloads/detail?name=sfRawTrackerData2009-Feb.txt.bz2&can=1&q=',
  u'http://code.google.com/p/android-scripting/downloads/detail?name=sfRawTranslations2008-Dec.txt.bz2&can=1&q=',
  u'http://code.google.com/p/android-scripting/downloads/detail?name=sfRawTranslations2009-Feb.txt.bz2&can=1&q=',
  u'http://code.google.com/p/android-scripting/downloads/detail?name=sfRawUserIntData2008-Dec.txt.bz2&can=1&q=',
  u'http://code.google.com/p/android-scripting/downloads/detail?name=sfRawUserIntData2009-Feb.txt.bz2&can=1&q='],
 [u'http://code.google.com/p/android-scripting/downloads/list?can=1&num=100&start=2100'])