([u'http://gnome2-globalmenu.googlecode.com/files/gnome-globalmenu-0.7.10.tar.bz2',
  u'http://gnome2-globalmenu.googlecode.com/files/gnome-globalmenu-0.7.9.tar.bz2',
  u'http://gnome2-globalmenu.googlecode.com/files/gnome-globalmenu-0.7.8.tar.bz2',
  u'http://gnome2-globalmenu.googlecode.com/files/gnome-globalmenu-0.7.8beta2.tar.bz2',
  u'http://gnome2-globalmenu.googlecode.com/files/gnome-globalmenu-0.7.8-beta.tar.bz2',
  u'http://gnome2-globalmenu.googlecode.com/files/gnome-globalmenu-0.7.7_1.tar.bz2',
  u'http://gnome2-globalmenu.googlecode.com/files/gnome-globalmenu-0.7.7.tar.bz2',
  u'http://gnome2-globalmenu.googlecode.com/files/gnome-globalmenu-0.7.7-beta.tar.bz2',
  u'http://gnome2-globalmenu.googlecode.com/files/gnome-globalmenu-0.7.6.tar.gz',
  u'http://gnome2-globalmenu.googlecode.com/files/gnome-globalmenu-0.7.5.tar.bz2',
  u'http://gnome2-globalmenu.googlecode.com/files/gnome-globalmenu-0.7.4.tar.gz',
  u'http://gnome2-globalmenu.googlecode.com/files/GlobalMenuKey.gpg',
  u'http://gnome2-globalmenu.googlecode.com/files/gnome-globalmenu-0.7.3.tar.gz',
  u'http://gnome2-globalmenu.googlecode.com/files/gnome-globalmenu-0.7.3-1.fc10.src.rpm',
  u'http://gnome2-globalmenu.googlecode.com/files/vala-0.5.5-1.fc10.src.rpm',
  u'http://gnome2-globalmenu.googlecode.com/files/gnome-globalmenu-0.7.2-1.fc10.src.rpm',
  u'http://gnome2-globalmenu.googlecode.com/files/gnome-globalmenu-0.7.2.tar.gz',
  u'http://gnome2-globalmenu.googlecode.com/files/gnome-globalmenu-0.7.1-1.fc10.i386.rpm',
  u'http://gnome2-globalmenu.googlecode.com/files/gnome-globalmenu-0.7.1.tar.gz',
  u'http://gnome2-globalmenu.googlecode.com/files/gnome-globalmenu-0.7.0.svn1861-1.fc10.i386.rpm',
  u'http://gnome2-globalmenu.googlecode.com/files/gnome-globalmenu-0.6.9-1698.tar.gz',
  u'http://gnome2-globalmenu.googlecode.com/files/vala-0.5.1-1.fc10.src.rpm',
  u'http://gnome2-globalmenu.googlecode.com/files/vala-0.4.0-1.fc9.src.rpm',
  u'http://gnome2-globalmenu.googlecode.com/files/gnome-globalmenu-0.6.svn1413.tar.gz',
  u'http://gnome2-globalmenu.googlecode.com/files/gnome-globalmenu-0.6.svn1404.tar.gz',
  u'http://gnome2-globalmenu.googlecode.com/files/vala-0.3.5-1.fc9.src.rpm',
  u'http://gnome2-globalmenu.googlecode.com/files/gnome-globalmenu-0.6.svn1370.tar.gz',
  u'http://gnome2-globalmenu.googlecode.com/files/gnome-globalmenu-0.6.svn1352.tar.gz',
  u'http://gnome2-globalmenu.googlecode.com/files/gnome-globalmenu-0.6.svn1326.tar.gz',
  u'http://gnome2-globalmenu.googlecode.com/files/gnome-globalmenu-0.6.1320.tar.gz',
  u'http://gnome2-globalmenu.googlecode.com/files/libgtk2.0-dev_2.12.9-4ubuntu3_i386.deb',
  u'http://gnome2-globalmenu.googlecode.com/files/gtk2-aqd-0.5.svn1072.2.12.11-1.fc9.i386.rpm',
  u'http://gnome2-globalmenu.googlecode.com/files/gtk2-aqd-0.4.svn987.2.12.9-5.fc9.i386.rpm',
  u'http://gnome2-globalmenu.googlecode.com/files/fedora-packages-0.4.svn917-1-i386.tar.bz2',
  u'http://gnome2-globalmenu.googlecode.com/files/gnome-globalmenu-0.4-svn964.tar.gz',
  u'http://gnome2-globalmenu.googlecode.com/files/vala-0.3.1-1.fc8.src.rpm',
  u'http://gnome2-globalmenu.googlecode.com/files/fedora-packages-0.4.svn892-1-i386.tar.bz2',
  u'http://gnome2-globalmenu.googlecode.com/files/fedora-packages-0.4.svn889-1-i386.tar.bz2',
  u'http://gnome2-globalmenu.googlecode.com/files/fedora-packages-0.4.svn868-1-i386.tar.bz2',
  u'http://gnome2-globalmenu.googlecode.com/files/gtk2-aqd-0.4.svn851.2.12.5-1.fc8.i386.rpm',
  u'http://gnome2-globalmenu.googlecode.com/files/gtk2-aqd-0.4.svn819.2.12.5-1.fc8.x86_64.rpm',
  u'http://gnome2-globalmenu.googlecode.com/files/fedora-packages-0.4.svn819-1-x86_64.tar.bz2',
  u'http://gnome2-globalmenu.googlecode.com/files/fedora-packages-0.4.svn790-1.tar.bz2',
  u'http://gnome2-globalmenu.googlecode.com/files/fedora-packages-0.4.svn756-1.tar.bz2',
  u'http://gnome2-globalmenu.googlecode.com/files/fedora-packages-0.4.svn736.tar.bz2',
  u'http://gnome2-globalmenu.googlecode.com/files/fedora-packages-0.4.svn733.tar.bz2',
  u'http://gnome2-globalmenu.googlecode.com/files/fedora-packages-0.4-svn729.tar.bz2',
  u'http://gnome2-globalmenu.googlecode.com/files/gnome-globalmenu-0.4.2_ubuntu-gusty-svn679.tar.gz',
  u'http://gnome2-globalmenu.googlecode.com/files/patch.diff.tar.bz2',
  u'http://gnome2-globalmenu.googlecode.com/files/gnome-globalmenu-0.4.1_ubuntu-gusty-svn679.tar.gz',
  u'http://gnome2-globalmenu.googlecode.com/files/gnome-globalmenu-0.4_ubuntu-gusty-svn679.tar.gz',
  u'http://gnome2-globalmenu.googlecode.com/files/libgnomenu-0.4.svn676-2.fc8.i386.rpm',
  u'http://gnome2-globalmenu.googlecode.com/files/gtk2-aqd-0.4.svn657.2.12.5-1.fc8.i386.rpm',
  u'http://gnome2-globalmenu.googlecode.com/files/libgnomenu-0.4.svn674-2.fc8.i386.rpm',
  u'http://gnome2-globalmenu.googlecode.com/files/gnome-globalmenu-applet-0.4.svn674-2.fc8.i386.rpm',
  u'http://gnome2-globalmenu.googlecode.com/files/gtk2-aqd-0.4.svn647.2.12.5-1.fc8.i386.rpm',
  u'http://gnome2-globalmenu.googlecode.com/files/libgnomenu-0.4.svn648-2.fc8.i386.rpm',
  u'http://gnome2-globalmenu.googlecode.com/files/gnomenu-server-0.4.svn630-2.fc8.i386.rpm',
  u'http://gnome2-globalmenu.googlecode.com/files/libgnomenu-0.4.svn630-2.fc8.i386.rpm',
  u'http://gnome2-globalmenu.googlecode.com/files/gnome-globalmenu-applet-0.4.svn630-2.fc8.i386.rpm',
  u'http://gnome2-globalmenu.googlecode.com/files/gnome-globalmenu-applet-0.4.svn614-2.fc8.i386.rpm',
  u'http://gnome2-globalmenu.googlecode.com/files/libgnomenu-0.4.svn614-2.fc8.i386.rpm',
  u'http://gnome2-globalmenu.googlecode.com/files/libgnomenu-devel-0.4.svn609-2.fc8.i386.rpm',
  u'http://gnome2-globalmenu.googlecode.com/files/gnome-globalmenu-applet-0.4.svn598-2.fc8.i386.rpm',
  u'http://gnome2-globalmenu.googlecode.com/files/libgnomenu-0.4.svn598-2.fc8.i386.rpm',
  u'http://gnome2-globalmenu.googlecode.com/files/libgnomenu-devel-0.4.svn587-2.fc8.i386.rpm',
  u'http://gnome2-globalmenu.googlecode.com/files/xfce-globalmenu-plugin-0.4.svn570-1.fc8.i386.rpm',
  u'http://gnome2-globalmenu.googlecode.com/files/gnome-globalmenu-applet-0.4.svn570-1.fc8.i386.rpm',
  u'http://gnome2-globalmenu.googlecode.com/files/libgnomenu-0.4.svn570-1.fc8.i386.rpm',
  u'http://gnome2-globalmenu.googlecode.com/files/libgnomenu-book-556.tar.gz',
  u'http://gnome2-globalmenu.googlecode.com/files/gtk2-aqd.patch.453.tar.gz',
  u'http://gnome2-globalmenu.googlecode.com/files/gnome2-globalmenu-applet_0.3.397-1_i386.deb',
  u'http://gnome2-globalmenu.googlecode.com/files/gtk2.0-ubuntu-gutsy.tar.gz',
  u'http://gnome2-globalmenu.googlecode.com/files/gtk2-aqd-0.3.svn323.2.12.5-1.fc8.i386.rpm',
  u'http://gnome2-globalmenu.googlecode.com/files/gnome2-globalmenu-applet-0.3.323-4.fc8.i386.rpm',
  u'http://gnome2-globalmenu.googlecode.com/files/gnome2-globalmenu-applet-0.3.svn289.tar.gz',
  u'http://gnome2-globalmenu.googlecode.com/files/gnome2-globalmenu.ebuilds.tar.bz2',
  u'http://gnome2-globalmenu.googlecode.com/files/gnome2-globalmenu-applet-0.3-3.fc8.src.rpm',
  u'http://gnome2-globalmenu.googlecode.com/files/gtk2-aqd-svn221.spec',
  u'http://gnome2-globalmenu.googlecode.com/files/gtk2-aqd-0.3.221.2.12.3-3.fc8.i386.rpm',
  u'http://gnome2-globalmenu.googlecode.com/files/gtk2-aqd.spec',
  u'http://gnome2-globalmenu.googlecode.com/files/gnome2-globalmenu-applet-debuginfo-0.3-2.fc8.i386.rpm',
  u'http://gnome2-globalmenu.googlecode.com/files/gnome2-globalmenu-applet-0.3-2.fc8.i386.rpm',
  u'http://gnome2-globalmenu.googlecode.com/files/gnome2-globalmenu-applet-debuginfo-0.3-1.fc8.i386.rpm',
  u'http://gnome2-globalmenu.googlecode.com/files/gnome2-globalmenu-applet-0.3-1.fc8.i386.rpm',
  u'http://gnome2-globalmenu.googlecode.com/files/gtk2-aqd-0.3.193.2.12.3-3.fc8.i386.rpm',
  u'http://gnome2-globalmenu.googlecode.com/files/globalmenu-applet-v3.172.tar.bz2',
  u'http://gnome2-globalmenu.googlecode.com/files/patched-gtk-ubuntu-gutsy-i386-part2.tar.gz',
  u'http://gnome2-globalmenu.googlecode.com/files/patched-gtk-ubuntu-gutsy-i386-part1.tar.gz',
  u'http://gnome2-globalmenu.googlecode.com/files/gtkmenubar.patch.tar.bz2',
  u'http://gnome2-globalmenu.googlecode.com/files/gnome2-globalmenu-applet-0.2.1.tar.gz',
  u'http://gnome2-globalmenu.googlecode.com/files/gnome2-globalmenu-applet-0.2.1-1.fc8.i386.rpm',
  u'http://gnome2-globalmenu.googlecode.com/files/gnome2-globalmenu-applet-debuginfo-0.2.1-1.fc8.i386.rpm',
  u'http://gnome2-globalmenu.googlecode.com/files/gtk2-aqd-2.12.3-3.fc8.i386.rpm',
  u'http://gnome2-globalmenu.googlecode.com/files/gnome2-globalmenu-applet-0.2-1.fc8.i386.rpm',
  u'http://gnome2-globalmenu.googlecode.com/files/Screenshot-0.2.jpg'],
 [u'http://code.google.com/p/android-scripting/downloads/detail?name=GlobalMenuKey.gpg&can=1&q=',
  u'http://code.google.com/p/android-scripting/downloads/detail?name=Screenshot-0.2.jpg&can=1&q=',
  u'http://code.google.com/p/android-scripting/downloads/detail?name=fedora-packages-0.4-svn729.tar.bz2&can=1&q=',
  u'http://code.google.com/p/android-scripting/downloads/detail?name=fedora-packages-0.4.svn733.tar.bz2&can=1&q=',
  u'http://code.google.com/p/android-scripting/downloads/detail?name=fedora-packages-0.4.svn736.tar.bz2&can=1&q=',
  u'http://code.google.com/p/android-scripting/downloads/detail?name=fedora-packages-0.4.svn756-1.tar.bz2&can=1&q=',
  u'http://code.google.com/p/android-scripting/downloads/detail?name=fedora-packages-0.4.svn790-1.tar.bz2&can=1&q=',
  u'http://code.google.com/p/android-scripting/downloads/detail?name=fedora-packages-0.4.svn819-1-x86_64.tar.bz2&can=1&q=',
  u'http://code.google.com/p/android-scripting/downloads/detail?name=fedora-packages-0.4.svn868-1-i386.tar.bz2&can=1&q=',
  u'http://code.google.com/p/android-scripting/downloads/detail?name=fedora-packages-0.4.svn889-1-i386.tar.bz2&can=1&q=',
  u'http://code.google.com/p/android-scripting/downloads/detail?name=fedora-packages-0.4.svn892-1-i386.tar.bz2&can=1&q=',
  u'http://code.google.com/p/android-scripting/downloads/detail?name=fedora-packages-0.4.svn917-1-i386.tar.bz2&can=1&q=',
  u'http://code.google.com/p/android-scripting/downloads/detail?name=globalmenu-applet-v3.172.tar.bz2&can=1&q=',
  u'http://code.google.com/p/android-scripting/downloads/detail?name=gnome-globalmenu-0.4-svn964.tar.gz&can=1&q=',
  u'http://code.google.com/p/android-scripting/downloads/detail?name=gnome-globalmenu-0.4.1_ubuntu-gusty-svn679.tar.gz&can=1&q=',
  u'http://code.google.com/p/android-scripting/downloads/detail?name=gnome-globalmenu-0.4.2_ubuntu-gusty-svn679.tar.gz&can=1&q=',
  u'http://code.google.com/p/android-scripting/downloads/detail?name=gnome-globalmenu-0.4_ubuntu-gusty-svn679.tar.gz&can=1&q=',
  u'http://code.google.com/p/android-scripting/downloads/detail?name=gnome-globalmenu-0.6.1320.tar.gz&can=1&q=',
  u'http://code.google.com/p/android-scripting/downloads/detail?name=gnome-globalmenu-0.6.9-1698.tar.gz&can=1&q=',
  u'http://code.google.com/p/android-scripting/downloads/detail?name=gnome-globalmenu-0.6.svn1326.tar.gz&can=1&q=',
  u'http://code.google.com/p/android-scripting/downloads/detail?name=gnome-globalmenu-0.6.svn1352.tar.gz&can=1&q=',
  u'http://code.google.com/p/android-scripting/downloads/detail?name=gnome-globalmenu-0.6.svn1370.tar.gz&can=1&q=',
  u'http://code.google.com/p/android-scripting/downloads/detail?name=gnome-globalmenu-0.6.svn1404.tar.gz&can=1&q=',
  u'http://code.google.com/p/android-scripting/downloads/detail?name=gnome-globalmenu-0.6.svn1413.tar.gz&can=1&q=',
  u'http://code.google.com/p/android-scripting/downloads/detail?name=gnome-globalmenu-0.7.0.svn1861-1.fc10.i386.rpm&can=1&q=',
  u'http://code.google.com/p/android-scripting/downloads/detail?name=gnome-globalmenu-0.7.1-1.fc10.i386.rpm&can=1&q=',
  u'http://code.google.com/p/android-scripting/downloads/detail?name=gnome-globalmenu-0.7.1.tar.gz&can=1&q=',
  u'http://code.google.com/p/android-scripting/downloads/detail?name=gnome-globalmenu-0.7.10.tar.bz2&can=1&q=',
  u'http://code.google.com/p/android-scripting/downloads/detail?name=gnome-globalmenu-0.7.2-1.fc10.src.rpm&can=1&q=',
  u'http://code.google.com/p/android-scripting/downloads/detail?name=gnome-globalmenu-0.7.2.tar.gz&can=1&q=',
  u'http://code.google.com/p/android-scripting/downloads/detail?name=gnome-globalmenu-0.7.3-1.fc10.src.rpm&can=1&q=',
  u'http://code.google.com/p/android-scripting/downloads/detail?name=gnome-globalmenu-0.7.3.tar.gz&can=1&q=',
  u'http://code.google.com/p/android-scripting/downloads/detail?name=gnome-globalmenu-0.7.4.tar.gz&can=1&q=',
  u'http://code.google.com/p/android-scripting/downloads/detail?name=gnome-globalmenu-0.7.5.tar.bz2&can=1&q=',
  u'http://code.google.com/p/android-scripting/downloads/detail?name=gnome-globalmenu-0.7.6.tar.gz&can=1&q=',
  u'http://code.google.com/p/android-scripting/downloads/detail?name=gnome-globalmenu-0.7.7-beta.tar.bz2&can=1&q=',
  u'http://code.google.com/p/android-scripting/downloads/detail?name=gnome-globalmenu-0.7.7.tar.bz2&can=1&q=',
  u'http://code.google.com/p/android-scripting/downloads/detail?name=gnome-globalmenu-0.7.7_1.tar.bz2&can=1&q=',
  u'http://code.google.com/p/android-scripting/downloads/detail?name=gnome-globalmenu-0.7.8-beta.tar.bz2&can=1&q=',
  u'http://code.google.com/p/android-scripting/downloads/detail?name=gnome-globalmenu-0.7.8.tar.bz2&can=1&q=',
  u'http://code.google.com/p/android-scripting/downloads/detail?name=gnome-globalmenu-0.7.8beta2.tar.bz2&can=1&q=',
  u'http://code.google.com/p/android-scripting/downloads/detail?name=gnome-globalmenu-0.7.9.tar.bz2&can=1&q=',
  u'http://code.google.com/p/android-scripting/downloads/detail?name=gnome-globalmenu-applet-0.4.svn570-1.fc8.i386.rpm&can=1&q=',
  u'http://code.google.com/p/android-scripting/downloads/detail?name=gnome-globalmenu-applet-0.4.svn598-2.fc8.i386.rpm&can=1&q=',
  u'http://code.google.com/p/android-scripting/downloads/detail?name=gnome-globalmenu-applet-0.4.svn614-2.fc8.i386.rpm&can=1&q=',
  u'http://code.google.com/p/android-scripting/downloads/detail?name=gnome-globalmenu-applet-0.4.svn630-2.fc8.i386.rpm&can=1&q=',
  u'http://code.google.com/p/android-scripting/downloads/detail?name=gnome-globalmenu-applet-0.4.svn674-2.fc8.i386.rpm&can=1&q=',
  u'http://code.google.com/p/android-scripting/downloads/detail?name=gnome2-globalmenu-applet-0.2-1.fc8.i386.rpm&can=1&q=',
  u'http://code.google.com/p/android-scripting/downloads/detail?name=gnome2-globalmenu-applet-0.2.1-1.fc8.i386.rpm&can=1&q=',
  u'http://code.google.com/p/android-scripting/downloads/detail?name=gnome2-globalmenu-applet-0.2.1.tar.gz&can=1&q=',
  u'http://code.google.com/p/android-scripting/downloads/detail?name=gnome2-globalmenu-applet-0.3-1.fc8.i386.rpm&can=1&q=',
  u'http://code.google.com/p/android-scripting/downloads/detail?name=gnome2-globalmenu-applet-0.3-2.fc8.i386.rpm&can=1&q=',
  u'http://code.google.com/p/android-scripting/downloads/detail?name=gnome2-globalmenu-applet-0.3-3.fc8.src.rpm&can=1&q=',
  u'http://code.google.com/p/android-scripting/downloads/detail?name=gnome2-globalmenu-applet-0.3.323-4.fc8.i386.rpm&can=1&q=',
  u'http://code.google.com/p/android-scripting/downloads/detail?name=gnome2-globalmenu-applet-0.3.svn289.tar.gz&can=1&q=',
  u'http://code.google.com/p/android-scripting/downloads/detail?name=gnome2-globalmenu-applet-debuginfo-0.2.1-1.fc8.i386.rpm&can=1&q=',
  u'http://code.google.com/p/android-scripting/downloads/detail?name=gnome2-globalmenu-applet-debuginfo-0.3-1.fc8.i386.rpm&can=1&q=',
  u'http://code.google.com/p/android-scripting/downloads/detail?name=gnome2-globalmenu-applet-debuginfo-0.3-2.fc8.i386.rpm&can=1&q=',
  u'http://code.google.com/p/android-scripting/downloads/detail?name=gnome2-globalmenu-applet_0.3.397-1_i386.deb&can=1&q=',
  u'http://code.google.com/p/android-scripting/downloads/detail?name=gnome2-globalmenu.ebuilds.tar.bz2&can=1&q=',
  u'http://code.google.com/p/android-scripting/downloads/detail?name=gnomenu-server-0.4.svn630-2.fc8.i386.rpm&can=1&q=',
  u'http://code.google.com/p/android-scripting/downloads/detail?name=gtk2-aqd-0.3.193.2.12.3-3.fc8.i386.rpm&can=1&q=',
  u'http://code.google.com/p/android-scripting/downloads/detail?name=gtk2-aqd-0.3.221.2.12.3-3.fc8.i386.rpm&can=1&q=',
  u'http://code.google.com/p/android-scripting/downloads/detail?name=gtk2-aqd-0.3.svn323.2.12.5-1.fc8.i386.rpm&can=1&q=',
  u'http://code.google.com/p/android-scripting/downloads/detail?name=gtk2-aqd-0.4.svn647.2.12.5-1.fc8.i386.rpm&can=1&q=',
  u'http://code.google.com/p/android-scripting/downloads/detail?name=gtk2-aqd-0.4.svn657.2.12.5-1.fc8.i386.rpm&can=1&q=',
  u'http://code.google.com/p/android-scripting/downloads/detail?name=gtk2-aqd-0.4.svn819.2.12.5-1.fc8.x86_64.rpm&can=1&q=',
  u'http://code.google.com/p/android-scripting/downloads/detail?name=gtk2-aqd-0.4.svn851.2.12.5-1.fc8.i386.rpm&can=1&q=',
  u'http://code.google.com/p/android-scripting/downloads/detail?name=gtk2-aqd-0.4.svn987.2.12.9-5.fc9.i386.rpm&can=1&q=',
  u'http://code.google.com/p/android-scripting/downloads/detail?name=gtk2-aqd-0.5.svn1072.2.12.11-1.fc9.i386.rpm&can=1&q=',
  u'http://code.google.com/p/android-scripting/downloads/detail?name=gtk2-aqd-2.12.3-3.fc8.i386.rpm&can=1&q=',
  u'http://code.google.com/p/android-scripting/downloads/detail?name=gtk2-aqd-svn221.spec&can=1&q=',
  u'http://code.google.com/p/android-scripting/downloads/detail?name=gtk2-aqd.patch.453.tar.gz&can=1&q=',
  u'http://code.google.com/p/android-scripting/downloads/detail?name=gtk2-aqd.spec&can=1&q=',
  u'http://code.google.com/p/android-scripting/downloads/detail?name=gtk2.0-ubuntu-gutsy.tar.gz&can=1&q=',
  u'http://code.google.com/p/android-scripting/downloads/detail?name=gtkmenubar.patch.tar.bz2&can=1&q=',
  u'http://code.google.com/p/android-scripting/downloads/detail?name=libgnomenu-0.4.svn570-1.fc8.i386.rpm&can=1&q=',
  u'http://code.google.com/p/android-scripting/downloads/detail?name=libgnomenu-0.4.svn598-2.fc8.i386.rpm&can=1&q=',
  u'http://code.google.com/p/android-scripting/downloads/detail?name=libgnomenu-0.4.svn614-2.fc8.i386.rpm&can=1&q=',
  u'http://code.google.com/p/android-scripting/downloads/detail?name=libgnomenu-0.4.svn630-2.fc8.i386.rpm&can=1&q=',
  u'http://code.google.com/p/android-scripting/downloads/detail?name=libgnomenu-0.4.svn648-2.fc8.i386.rpm&can=1&q=',
  u'http://code.google.com/p/android-scripting/downloads/detail?name=libgnomenu-0.4.svn674-2.fc8.i386.rpm&can=1&q=',
  u'http://code.google.com/p/android-scripting/downloads/detail?name=libgnomenu-0.4.svn676-2.fc8.i386.rpm&can=1&q=',
  u'http://code.google.com/p/android-scripting/downloads/detail?name=libgnomenu-book-556.tar.gz&can=1&q=',
  u'http://code.google.com/p/android-scripting/downloads/detail?name=libgnomenu-devel-0.4.svn587-2.fc8.i386.rpm&can=1&q=',
  u'http://code.google.com/p/android-scripting/downloads/detail?name=libgnomenu-devel-0.4.svn609-2.fc8.i386.rpm&can=1&q=',
  u'http://code.google.com/p/android-scripting/downloads/detail?name=libgtk2.0-dev_2.12.9-4ubuntu3_i386.deb&can=1&q=',
  u'http://code.google.com/p/android-scripting/downloads/detail?name=patch.diff.tar.bz2&can=1&q=',
  u'http://code.google.com/p/android-scripting/downloads/detail?name=patched-gtk-ubuntu-gutsy-i386-part1.tar.gz&can=1&q=',
  u'http://code.google.com/p/android-scripting/downloads/detail?name=patched-gtk-ubuntu-gutsy-i386-part2.tar.gz&can=1&q=',
  u'http://code.google.com/p/android-scripting/downloads/detail?name=vala-0.3.1-1.fc8.src.rpm&can=1&q=',
  u'http://code.google.com/p/android-scripting/downloads/detail?name=vala-0.3.5-1.fc9.src.rpm&can=1&q=',
  u'http://code.google.com/p/android-scripting/downloads/detail?name=vala-0.4.0-1.fc9.src.rpm&can=1&q=',
  u'http://code.google.com/p/android-scripting/downloads/detail?name=vala-0.5.1-1.fc10.src.rpm&can=1&q=',
  u'http://code.google.com/p/android-scripting/downloads/detail?name=vala-0.5.5-1.fc10.src.rpm&can=1&q=',
  u'http://code.google.com/p/android-scripting/downloads/detail?name=xfce-globalmenu-plugin-0.4.svn570-1.fc8.i386.rpm&can=1&q='],
 [])