([u'http://piwi.apache-extras.org.codespot.com/files/piwi-0.1.0.zip',
  u'http://piwi.apache-extras.org.codespot.com/files/piwi-0.1.0-sources.zip',
  u'http://piwi.apache-extras.org.codespot.com/files/piwi-0.0.9.zip',
  u'http://piwi.apache-extras.org.codespot.com/files/piwi-0.0.9-sources.zip',
  u'http://piwi.apache-extras.org.codespot.com/files/piwi-0.0.8.zip',
  u'http://piwi.apache-extras.org.codespot.com/files/piwi-0.0.8-sources.zip',
  u'http://piwi.apache-extras.org.codespot.com/files/piwi-0.0.7.zip',
  u'http://piwi.apache-extras.org.codespot.com/files/piwi-0.0.7-sources.zip',
  u'http://piwi.apache-extras.org.codespot.com/files/piwi-0.0.6.zip',
  u'http://piwi.apache-extras.org.codespot.com/files/piwi-0.0.6-sources.zip',
  u'http://piwi.apache-extras.org.codespot.com/files/piwi-0.0.5.zip',
  u'http://piwi.apache-extras.org.codespot.com/files/piwi-0.0.4.zip',
  u'http://piwi.apache-extras.org.codespot.com/files/piwi-0.0.3.zip',
  u'http://piwi.apache-extras.org.codespot.com/files/piwi-0.0.2.zip',
  u'http://piwi.apache-extras.org.codespot.com/files/piwi-0.0.1-proofofconcept.zip'],
 [u'http://code.google.com/p/android-scripting/downloads/detail?name=piwi-0.0.1-proofofconcept.zip&can=2&q=',
  u'http://code.google.com/p/android-scripting/downloads/detail?name=piwi-0.0.2.zip&can=2&q=',
  u'http://code.google.com/p/android-scripting/downloads/detail?name=piwi-0.0.3.zip&can=2&q=',
  u'http://code.google.com/p/android-scripting/downloads/detail?name=piwi-0.0.4.zip&can=2&q=',
  u'http://code.google.com/p/android-scripting/downloads/detail?name=piwi-0.0.5.zip&can=2&q=',
  u'http://code.google.com/p/android-scripting/downloads/detail?name=piwi-0.0.6-sources.zip&can=2&q=',
  u'http://code.google.com/p/android-scripting/downloads/detail?name=piwi-0.0.6.zip&can=2&q=',
  u'http://code.google.com/p/android-scripting/downloads/detail?name=piwi-0.0.7-sources.zip&can=2&q=',
  u'http://code.google.com/p/android-scripting/downloads/detail?name=piwi-0.0.7.zip&can=2&q=',
  u'http://code.google.com/p/android-scripting/downloads/detail?name=piwi-0.0.8-sources.zip&can=2&q=',
  u'http://code.google.com/p/android-scripting/downloads/detail?name=piwi-0.0.8.zip&can=2&q=',
  u'http://code.google.com/p/android-scripting/downloads/detail?name=piwi-0.0.9-sources.zip&can=2&q=',
  u'http://code.google.com/p/android-scripting/downloads/detail?name=piwi-0.0.9.zip&can=2&q=',
  u'http://code.google.com/p/android-scripting/downloads/detail?name=piwi-0.1.0-sources.zip&can=2&q=',
  u'http://code.google.com/p/android-scripting/downloads/detail?name=piwi-0.1.0.zip&can=2&q='],
 [])