([u'http://flossmole.googlecode.com/files/datamart_gc.2011-May.sql.bz2',
  u'http://flossmole.googlecode.com/files/gcProjectGroups2011-May.txt.bz2',
  u'http://flossmole.googlecode.com/files/gcProjectPeople2011-May.txt.bz2',
  u'http://flossmole.googlecode.com/files/gcProjectLinks2011-May.txt.bz2',
  u'http://flossmole.googlecode.com/files/gcProjectLabels2011-May.txt.bz2',
  u'http://flossmole.googlecode.com/files/gcProjectBlogs2011-May.txt.bz2',
  u'http://flossmole.googlecode.com/files/gcProjectInfo2011-May.txt.bz2',
  u'http://flossmole.googlecode.com/files/datamart_rf.2011-May.sql.bz2',
  u'http://flossmole.googlecode.com/files/rfProjectTopic2011-May.txt.bz2',
  u'http://flossmole.googlecode.com/files/rfProjectIntAud2011-May.txt.bz2',
  u'http://flossmole.googlecode.com/files/rfProjectStatus2011-May.txt.bz2',
  u'http://flossmole.googlecode.com/files/rfProjectInfo2011-May.txt.bz2',
  u'http://flossmole.googlecode.com/files/rfProjectProgLang2011-May.txt.bz2',
  u'http://flossmole.googlecode.com/files/rfProjectEnvironment2011-May.txt.bz2',
  u'http://flossmole.googlecode.com/files/rfProjectOpSys2011-May.txt.bz2',
  u'http://flossmole.googlecode.com/files/rfProjectDescription2011-May.txt.bz2',
  u'http://flossmole.googlecode.com/files/rfProjectNatLang2011-May.txt.bz2',
  u'http://flossmole.googlecode.com/files/rfDevelopers2011-May.txt.bz2',
  u'http://flossmole.googlecode.com/files/rfProjectList2011-May.txt.bz2',
  u'http://flossmole.googlecode.com/files/rfDeveloperProjects2011-May.txt.bz2',
  u'http://flossmole.googlecode.com/files/rfProjectLicense2011-May.txt.bz2',
  u'http://flossmole.googlecode.com/files/datamart_fm_trove_defs.2011-May.sql.bz2',
  u'http://flossmole.googlecode.com/files/datamart_fm_project_trove.2011-May.sql.bz2',
  u'http://flossmole.googlecode.com/files/datamart_fm_other.2011-May.sql.bz2',
  u'http://flossmole.googlecode.com/files/datamart_fm_projects.2011-May.sql.bz2',
  u'http://flossmole.googlecode.com/files/fmTroveDefs2011-May.txt.bz2',
  u'http://flossmole.googlecode.com/files/fmProjectInfo2011-May.txt.bz2',
  u'http://flossmole.googlecode.com/files/fmProjectTrove2011-May.txt.bz2',
  u'http://flossmole.googlecode.com/files/fmProjectDescriptions2011-May.txt.bz2',
  u'http://flossmole.googlecode.com/files/fmProjectStats2011-May.txt.bz2',
  u'http://flossmole.googlecode.com/files/fmProjectAuthors2011-May.txt.bz2',
  u'http://flossmole.googlecode.com/files/fmProjectLicense2011-May.txt.bz2',
  u'http://flossmole.googlecode.com/files/fmProjectDependencies2011-May.txt.bz2',
  u'http://flossmole.googlecode.com/files/datamart_sv.2011-May.sql.bz2',
  u'http://flossmole.googlecode.com/files/svDeveloperSkills2011-May.txt.bz2',
  u'http://flossmole.googlecode.com/files/svDeveloperProjects2011-May.txt.bz2',
  u'http://flossmole.googlecode.com/files/svDevelopers2011-May.txt.bz2',
  u'http://flossmole.googlecode.com/files/svProjectInfo2011-May.txt.bz2',
  u'http://flossmole.googlecode.com/files/datamart_fsf.2011-May.sql.bz2',
  u'http://flossmole.googlecode.com/files/fsfDeveloperProjects2011-May.txt.bz2',
  u'http://flossmole.googlecode.com/files/fsfProjectRequirements2011-May.txt.bz2',
  u'http://flossmole.googlecode.com/files/fsfProjectRelated2011-May.txt.bz2',
  u'http://flossmole.googlecode.com/files/fsfProjectLicenses2011-May.txt.bz2',
  u'http://flossmole.googlecode.com/files/fsfProjectInterfaces2011-May.txt.bz2',
  u'http://flossmole.googlecode.com/files/fsfProjectInfo2011-May.txt.bz2',
  u'http://flossmole.googlecode.com/files/datamart_ow.2011-May.sql.bz2',
  u'http://flossmole.googlecode.com/files/owProjectIntAud2011-May.txt.bz2',
  u'http://flossmole.googlecode.com/files/owProjectTopic2011-May.txt.bz2',
  u'http://flossmole.googlecode.com/files/owProjectInfo2011-May.txt.bz2',
  u'http://flossmole.googlecode.com/files/owProjectStatus2011-May.txt.bz2',
  u'http://flossmole.googlecode.com/files/owProjectEnvironment2011-May.txt.bz2',
  u'http://flossmole.googlecode.com/files/owProjectProgLang2011-May.txt.bz2',
  u'http://flossmole.googlecode.com/files/owProjectDescription2011-May.txt.bz2',
  u'http://flossmole.googlecode.com/files/owProjectOpSys2011-May.txt.bz2',
  u'http://flossmole.googlecode.com/files/owDevelopers2011-May.txt.bz2',
  u'http://flossmole.googlecode.com/files/owProjectList2011-May.txt.bz2',
  u'http://flossmole.googlecode.com/files/owDeveloperProjects2011-May.txt.bz2',
  u'http://flossmole.googlecode.com/files/owProjectLicense2011-May.txt.bz2',
  u'http://flossmole.googlecode.com/files/datamart_sv.2011-Apr.sql.bz2',
  u'http://flossmole.googlecode.com/files/svDeveloperSkills2011-Apr.txt.bz2',
  u'http://flossmole.googlecode.com/files/svDeveloperProjects2011-Apr.txt.bz2',
  u'http://flossmole.googlecode.com/files/svDevelopers2011-Apr.txt.bz2',
  u'http://flossmole.googlecode.com/files/svProjectInfo2011-Apr.txt.bz2',
  u'http://flossmole.googlecode.com/files/datamart_rf.2011-Apr.sql.bz2',
  u'http://flossmole.googlecode.com/files/rfProjectTopic2011-Apr.txt.bz2',
  u'http://flossmole.googlecode.com/files/rfProjectIntAud2011-Apr.txt.bz2',
  u'http://flossmole.googlecode.com/files/rfProjectStatus2011-Apr.txt.bz2',
  u'http://flossmole.googlecode.com/files/rfProjectInfo2011-Apr.txt.bz2',
  u'http://flossmole.googlecode.com/files/rfProjectProgLang2011-Apr.txt.bz2',
  u'http://flossmole.googlecode.com/files/rfProjectOpSys2011-Apr.txt.bz2',
  u'http://flossmole.googlecode.com/files/rfProjectDescription2011-Apr.txt.bz2',
  u'http://flossmole.googlecode.com/files/rfProjectNatLang2011-Apr.txt.bz2',
  u'http://flossmole.googlecode.com/files/rfDevelopers2011-Apr.txt.bz2',
  u'http://flossmole.googlecode.com/files/rfProjectList2011-Apr.txt.bz2',
  u'http://flossmole.googlecode.com/files/rfDeveloperProjects2011-Apr.txt.bz2',
  u'http://flossmole.googlecode.com/files/rfProjectLicense2011-Apr.txt.bz2',
  u'http://flossmole.googlecode.com/files/datamart_fm_trove_defs.2011-Apr.sql.bz2',
  u'http://flossmole.googlecode.com/files/datamart_fm_project_trove.2011-Apr.sql.bz2',
  u'http://flossmole.googlecode.com/files/datamart_fm_other.2011-Apr.sql.bz2',
  u'http://flossmole.googlecode.com/files/datamart_fm_projects.2011-Apr.sql.bz2',
  u'http://flossmole.googlecode.com/files/fmTroveDefs2011-Apr.txt.bz2',
  u'http://flossmole.googlecode.com/files/fmProjectInfo2011-Apr.txt.bz2',
  u'http://flossmole.googlecode.com/files/fmProjectTrove2011-Apr.txt.bz2',
  u'http://flossmole.googlecode.com/files/fmProjectDescriptions2011-Apr.txt.bz2',
  u'http://flossmole.googlecode.com/files/fmProjectStats2011-Apr.txt.bz2',
  u'http://flossmole.googlecode.com/files/fmProjectAuthors2011-Apr.txt.bz2',
  u'http://flossmole.googlecode.com/files/fmProjectLicense2011-Apr.txt.bz2',
  u'http://flossmole.googlecode.com/files/fmProjectDependencies2011-Apr.txt.bz2',
  u'http://flossmole.googlecode.com/files/datamart_fsf.2011-Apr.sql.bz2',
  u'http://flossmole.googlecode.com/files/fsfDeveloperProjects2011-Apr.txt.bz2',
  u'http://flossmole.googlecode.com/files/fsfProjectRequirements2011-Apr.txt.bz2',
  u'http://flossmole.googlecode.com/files/fsfProjectRelated2011-Apr.txt.bz2',
  u'http://flossmole.googlecode.com/files/fsfProjectLicenses2011-Apr.txt.bz2',
  u'http://flossmole.googlecode.com/files/fsfProjectInterfaces2011-Apr.txt.bz2',
  u'http://flossmole.googlecode.com/files/fsfProjectInfo2011-Apr.txt.bz2',
  u'http://flossmole.googlecode.com/files/datamart_ow.2011-Apr.sql.bz2',
  u'http://flossmole.googlecode.com/files/owProjectIntAud2011-Apr.txt.bz2',
  u'http://flossmole.googlecode.com/files/owProjectTopic2011-Apr.txt.bz2',
  u'http://flossmole.googlecode.com/files/owProjectInfo2011-Apr.txt.bz2',
  u'http://flossmole.googlecode.com/files/owProjectStatus2011-Apr.txt.bz2'],
 [u'http://code.google.com/p/android-scripting/downloads/detail?name=datamart_fm_other.2011-Apr.sql.bz2&can=1&q=',
  u'http://code.google.com/p/android-scripting/downloads/detail?name=datamart_fm_other.2011-May.sql.bz2&can=1&q=',
  u'http://code.google.com/p/android-scripting/downloads/detail?name=datamart_fm_project_trove.2011-Apr.sql.bz2&can=1&q=',
  u'http://code.google.com/p/android-scripting/downloads/detail?name=datamart_fm_project_trove.2011-May.sql.bz2&can=1&q=',
  u'http://code.google.com/p/android-scripting/downloads/detail?name=datamart_fm_projects.2011-Apr.sql.bz2&can=1&q=',
  u'http://code.google.com/p/android-scripting/downloads/detail?name=datamart_fm_projects.2011-May.sql.bz2&can=1&q=',
  u'http://code.google.com/p/android-scripting/downloads/detail?name=datamart_fm_trove_defs.2011-Apr.sql.bz2&can=1&q=',
  u'http://code.google.com/p/android-scripting/downloads/detail?name=datamart_fm_trove_defs.2011-May.sql.bz2&can=1&q=',
  u'http://code.google.com/p/android-scripting/downloads/detail?name=datamart_fsf.2011-Apr.sql.bz2&can=1&q=',
  u'http://code.google.com/p/android-scripting/downloads/detail?name=datamart_fsf.2011-May.sql.bz2&can=1&q=',
  u'http://code.google.com/p/android-scripting/downloads/detail?name=datamart_gc.2011-May.sql.bz2&can=1&q=',
  u'http://code.google.com/p/android-scripting/downloads/detail?name=datamart_ow.2011-Apr.sql.bz2&can=1&q=',
  u'http://code.google.com/p/android-scripting/downloads/detail?name=datamart_ow.2011-May.sql.bz2&can=1&q=',
  u'http://code.google.com/p/android-scripting/downloads/detail?name=datamart_rf.2011-Apr.sql.bz2&can=1&q=',
  u'http://code.google.com/p/android-scripting/downloads/detail?name=datamart_rf.2011-May.sql.bz2&can=1&q=',
  u'http://code.google.com/p/android-scripting/downloads/detail?name=datamart_sv.2011-Apr.sql.bz2&can=1&q=',
  u'http://code.google.com/p/android-scripting/downloads/detail?name=datamart_sv.2011-May.sql.bz2&can=1&q=',
  u'http://code.google.com/p/android-scripting/downloads/detail?name=fmProjectAuthors2011-Apr.txt.bz2&can=1&q=',
  u'http://code.google.com/p/android-scripting/downloads/detail?name=fmProjectAuthors2011-May.txt.bz2&can=1&q=',
  u'http://code.google.com/p/android-scripting/downloads/detail?name=fmProjectDependencies2011-Apr.txt.bz2&can=1&q=',
  u'http://code.google.com/p/android-scripting/downloads/detail?name=fmProjectDependencies2011-May.txt.bz2&can=1&q=',
  u'http://code.google.com/p/android-scripting/downloads/detail?name=fmProjectDescriptions2011-Apr.txt.bz2&can=1&q=',
  u'http://code.google.com/p/android-scripting/downloads/detail?name=fmProjectDescriptions2011-May.txt.bz2&can=1&q=',
  u'http://code.google.com/p/android-scripting/downloads/detail?name=fmProjectInfo2011-Apr.txt.bz2&can=1&q=',
  u'http://code.google.com/p/android-scripting/downloads/detail?name=fmProjectInfo2011-May.txt.bz2&can=1&q=',
  u'http://code.google.com/p/android-scripting/downloads/detail?name=fmProjectLicense2011-Apr.txt.bz2&can=1&q=',
  u'http://code.google.com/p/android-scripting/downloads/detail?name=fmProjectLicense2011-May.txt.bz2&can=1&q=',
  u'http://code.google.com/p/android-scripting/downloads/detail?name=fmProjectStats2011-Apr.txt.bz2&can=1&q=',
  u'http://code.google.com/p/android-scripting/downloads/detail?name=fmProjectStats2011-May.txt.bz2&can=1&q=',
  u'http://code.google.com/p/android-scripting/downloads/detail?name=fmProjectTrove2011-Apr.txt.bz2&can=1&q=',
  u'http://code.google.com/p/android-scripting/downloads/detail?name=fmProjectTrove2011-May.txt.bz2&can=1&q=',
  u'http://code.google.com/p/android-scripting/downloads/detail?name=fmTroveDefs2011-Apr.txt.bz2&can=1&q=',
  u'http://code.google.com/p/android-scripting/downloads/detail?name=fmTroveDefs2011-May.txt.bz2&can=1&q=',
  u'http://code.google.com/p/android-scripting/downloads/detail?name=fsfDeveloperProjects2011-Apr.txt.bz2&can=1&q=',
  u'http://code.google.com/p/android-scripting/downloads/detail?name=fsfDeveloperProjects2011-May.txt.bz2&can=1&q=',
  u'http://code.google.com/p/android-scripting/downloads/detail?name=fsfProjectInfo2011-Apr.txt.bz2&can=1&q=',
  u'http://code.google.com/p/android-scripting/downloads/detail?name=fsfProjectInfo2011-May.txt.bz2&can=1&q=',
  u'http://code.google.com/p/android-scripting/downloads/detail?name=fsfProjectInterfaces2011-Apr.txt.bz2&can=1&q=',
  u'http://code.google.com/p/android-scripting/downloads/detail?name=fsfProjectInterfaces2011-May.txt.bz2&can=1&q=',
  u'http://code.google.com/p/android-scripting/downloads/detail?name=fsfProjectLicenses2011-Apr.txt.bz2&can=1&q=',
  u'http://code.google.com/p/android-scripting/downloads/detail?name=fsfProjectLicenses2011-May.txt.bz2&can=1&q=',
  u'http://code.google.com/p/android-scripting/downloads/detail?name=fsfProjectRelated2011-Apr.txt.bz2&can=1&q=',
  u'http://code.google.com/p/android-scripting/downloads/detail?name=fsfProjectRelated2011-May.txt.bz2&can=1&q=',
  u'http://code.google.com/p/android-scripting/downloads/detail?name=fsfProjectRequirements2011-Apr.txt.bz2&can=1&q=',
  u'http://code.google.com/p/android-scripting/downloads/detail?name=fsfProjectRequirements2011-May.txt.bz2&can=1&q=',
  u'http://code.google.com/p/android-scripting/downloads/detail?name=gcProjectBlogs2011-May.txt.bz2&can=1&q=',
  u'http://code.google.com/p/android-scripting/downloads/detail?name=gcProjectGroups2011-May.txt.bz2&can=1&q=',
  u'http://code.google.com/p/android-scripting/downloads/detail?name=gcProjectInfo2011-May.txt.bz2&can=1&q=',
  u'http://code.google.com/p/android-scripting/downloads/detail?name=gcProjectLabels2011-May.txt.bz2&can=1&q=',
  u'http://code.google.com/p/android-scripting/downloads/detail?name=gcProjectLinks2011-May.txt.bz2&can=1&q=',
  u'http://code.google.com/p/android-scripting/downloads/detail?name=gcProjectPeople2011-May.txt.bz2&can=1&q=',
  u'http://code.google.com/p/android-scripting/downloads/detail?name=owDeveloperProjects2011-May.txt.bz2&can=1&q=',
  u'http://code.google.com/p/android-scripting/downloads/detail?name=owDevelopers2011-May.txt.bz2&can=1&q=',
  u'http://code.google.com/p/android-scripting/downloads/detail?name=owProjectDescription2011-May.txt.bz2&can=1&q=',
  u'http://code.google.com/p/android-scripting/downloads/detail?name=owProjectEnvironment2011-May.txt.bz2&can=1&q=',
  u'http://code.google.com/p/android-scripting/downloads/detail?name=owProjectInfo2011-Apr.txt.bz2&can=1&q=',
  u'http://code.google.com/p/android-scripting/downloads/detail?name=owProjectInfo2011-May.txt.bz2&can=1&q=',
  u'http://code.google.com/p/android-scripting/downloads/detail?name=owProjectIntAud2011-Apr.txt.bz2&can=1&q=',
  u'http://code.google.com/p/android-scripting/downloads/detail?name=owProjectIntAud2011-May.txt.bz2&can=1&q=',
  u'http://code.google.com/p/android-scripting/downloads/detail?name=owProjectLicense2011-May.txt.bz2&can=1&q=',
  u'http://code.google.com/p/android-scripting/downloads/detail?name=owProjectList2011-May.txt.bz2&can=1&q=',
  u'http://code.google.com/p/android-scripting/downloads/detail?name=owProjectOpSys2011-May.txt.bz2&can=1&q=',
  u'http://code.google.com/p/android-scripting/downloads/detail?name=owProjectProgLang2011-May.txt.bz2&can=1&q=',
  u'http://code.google.com/p/android-scripting/downloads/detail?name=owProjectStatus2011-Apr.txt.bz2&can=1&q=',
  u'http://code.google.com/p/android-scripting/downloads/detail?name=owProjectStatus2011-May.txt.bz2&can=1&q=',
  u'http://code.google.com/p/android-scripting/downloads/detail?name=owProjectTopic2011-Apr.txt.bz2&can=1&q=',
  u'http://code.google.com/p/android-scripting/downloads/detail?name=owProjectTopic2011-May.txt.bz2&can=1&q=',
  u'http://code.google.com/p/android-scripting/downloads/detail?name=rfDeveloperProjects2011-Apr.txt.bz2&can=1&q=',
  u'http://code.google.com/p/android-scripting/downloads/detail?name=rfDeveloperProjects2011-May.txt.bz2&can=1&q=',
  u'http://code.google.com/p/android-scripting/downloads/detail?name=rfDevelopers2011-Apr.txt.bz2&can=1&q=',
  u'http://code.google.com/p/android-scripting/downloads/detail?name=rfDevelopers2011-May.txt.bz2&can=1&q=',
  u'http://code.google.com/p/android-scripting/downloads/detail?name=rfProjectDescription2011-Apr.txt.bz2&can=1&q=',
  u'http://code.google.com/p/android-scripting/downloads/detail?name=rfProjectDescription2011-May.txt.bz2&can=1&q=',
  u'http://code.google.com/p/android-scripting/downloads/detail?name=rfProjectEnvironment2011-May.txt.bz2&can=1&q=',
  u'http://code.google.com/p/android-scripting/downloads/detail?name=rfProjectInfo2011-Apr.txt.bz2&can=1&q=',
  u'http://code.google.com/p/android-scripting/downloads/detail?name=rfProjectInfo2011-May.txt.bz2&can=1&q=',
  u'http://code.google.com/p/android-scripting/downloads/detail?name=rfProjectIntAud2011-Apr.txt.bz2&can=1&q=',
  u'http://code.google.com/p/android-scripting/downloads/detail?name=rfProjectIntAud2011-May.txt.bz2&can=1&q=',
  u'http://code.google.com/p/android-scripting/downloads/detail?name=rfProjectLicense2011-Apr.txt.bz2&can=1&q=',
  u'http://code.google.com/p/android-scripting/downloads/detail?name=rfProjectLicense2011-May.txt.bz2&can=1&q=',
  u'http://code.google.com/p/android-scripting/downloads/detail?name=rfProjectList2011-Apr.txt.bz2&can=1&q=',
  u'http://code.google.com/p/android-scripting/downloads/detail?name=rfProjectList2011-May.txt.bz2&can=1&q=',
  u'http://code.google.com/p/android-scripting/downloads/detail?name=rfProjectNatLang2011-Apr.txt.bz2&can=1&q=',
  u'http://code.google.com/p/android-scripting/downloads/detail?name=rfProjectNatLang2011-May.txt.bz2&can=1&q=',
  u'http://code.google.com/p/android-scripting/downloads/detail?name=rfProjectOpSys2011-Apr.txt.bz2&can=1&q=',
  u'http://code.google.com/p/android-scripting/downloads/detail?name=rfProjectOpSys2011-May.txt.bz2&can=1&q=',
  u'http://code.google.com/p/android-scripting/downloads/detail?name=rfProjectProgLang2011-Apr.txt.bz2&can=1&q=',
  u'http://code.google.com/p/android-scripting/downloads/detail?name=rfProjectProgLang2011-May.txt.bz2&can=1&q=',
  u'http://code.google.com/p/android-scripting/downloads/detail?name=rfProjectStatus2011-Apr.txt.bz2&can=1&q=',
  u'http://code.google.com/p/android-scripting/downloads/detail?name=rfProjectStatus2011-May.txt.bz2&can=1&q=',
  u'http://code.google.com/p/android-scripting/downloads/detail?name=rfProjectTopic2011-Apr.txt.bz2&can=1&q=',
  u'http://code.google.com/p/android-scripting/downloads/detail?name=rfProjectTopic2011-May.txt.bz2&can=1&q=',
  u'http://code.google.com/p/android-scripting/downloads/detail?name=svDeveloperProjects2011-Apr.txt.bz2&can=1&q=',
  u'http://code.google.com/p/android-scripting/downloads/detail?name=svDeveloperProjects2011-May.txt.bz2&can=1&q=',
  u'http://code.google.com/p/android-scripting/downloads/detail?name=svDeveloperSkills2011-Apr.txt.bz2&can=1&q=',
  u'http://code.google.com/p/android-scripting/downloads/detail?name=svDeveloperSkills2011-May.txt.bz2&can=1&q=',
  u'http://code.google.com/p/android-scripting/downloads/detail?name=svDevelopers2011-Apr.txt.bz2&can=1&q=',
  u'http://code.google.com/p/android-scripting/downloads/detail?name=svDevelopers2011-May.txt.bz2&can=1&q=',
  u'http://code.google.com/p/android-scripting/downloads/detail?name=svProjectInfo2011-Apr.txt.bz2&can=1&q=',
  u'http://code.google.com/p/android-scripting/downloads/detail?name=svProjectInfo2011-May.txt.bz2&can=1&q='],
 [u'http://code.google.com/p/android-scripting/downloads/list?can=1&num=100&start=100'])