([u'http://flossmole.googlecode.com/files/datamart_fm_projects.2008-Jul.sql.bz2',
  u'http://flossmole.googlecode.com/files/fmProjectInfo2008-Jun.txt.bz2',
  u'http://flossmole.googlecode.com/files/fmProjectTrove2008-Jun.txt.bz2',
  u'http://flossmole.googlecode.com/files/fmProjectDescriptions2008-Jun.txt.bz2',
  u'http://flossmole.googlecode.com/files/fmProjectStats2008-Jun.txt.bz2',
  u'http://flossmole.googlecode.com/files/fmProjectAuthors2008-Jun.txt.bz2',
  u'http://flossmole.googlecode.com/files/fmProjectLicense2008-Jun.txt.bz2',
  u'http://flossmole.googlecode.com/files/fmProjectInfo2008-Jul.txt.bz2',
  u'http://flossmole.googlecode.com/files/fmProjectTrove2008-Jul.txt.bz2',
  u'http://flossmole.googlecode.com/files/fmProjectDescriptions2008-Jul.txt.bz2',
  u'http://flossmole.googlecode.com/files/fmProjectStats2008-Jul.txt.bz2',
  u'http://flossmole.googlecode.com/files/fmProjectAuthors2008-Jul.txt.bz2',
  u'http://flossmole.googlecode.com/files/fmProjectLicense2008-Jul.txt.bz2',
  u'http://flossmole.googlecode.com/files/owProjectIntAud2008-Jul.txt.bz2',
  u'http://flossmole.googlecode.com/files/owProjectTopic2008-Jul.txt.bz2',
  u'http://flossmole.googlecode.com/files/owProjectInfo2008-Jul.txt.bz2',
  u'http://flossmole.googlecode.com/files/owProjectStatus2008-Jul.txt.bz2',
  u'http://flossmole.googlecode.com/files/owProjectEnvironment2008-Jul.txt.bz2',
  u'http://flossmole.googlecode.com/files/owProjectProgLang2008-Jul.txt.bz2',
  u'http://flossmole.googlecode.com/files/owProjectDescription2008-Jul.txt.bz2',
  u'http://flossmole.googlecode.com/files/owProjectOpSys2008-Jul.txt.bz2',
  u'http://flossmole.googlecode.com/files/owDevelopers2008-Jul.txt.bz2',
  u'http://flossmole.googlecode.com/files/owProjectList2008-Jul.txt.bz2',
  u'http://flossmole.googlecode.com/files/owDeveloperProjects2008-Jul.txt.bz2',
  u'http://flossmole.googlecode.com/files/owProjectLicense2008-Jul.txt.bz2',
  u'http://flossmole.googlecode.com/files/rfProjectTopic2008-Jul.txt.bz2',
  u'http://flossmole.googlecode.com/files/rfProjectIntAud2008-Jul.txt.bz2',
  u'http://flossmole.googlecode.com/files/rfProjectStatus2008-Jul.txt.bz2',
  u'http://flossmole.googlecode.com/files/rfProjectInfo2008-Jul.txt.bz2',
  u'http://flossmole.googlecode.com/files/rfProjectProgLang2008-Jul.txt.bz2',
  u'http://flossmole.googlecode.com/files/rfProjectEnvironment2008-Jul.txt.bz2',
  u'http://flossmole.googlecode.com/files/rfProjectOpSys2008-Jul.txt.bz2',
  u'http://flossmole.googlecode.com/files/rfProjectDescription2008-Jul.txt.bz2',
  u'http://flossmole.googlecode.com/files/rfProjectNatLang2008-Jul.txt.bz2',
  u'http://flossmole.googlecode.com/files/rfProjectList2008-Jul.txt.bz2',
  u'http://flossmole.googlecode.com/files/rfDeveloperProjects2008-Jul.txt.bz2',
  u'http://flossmole.googlecode.com/files/rfProjectLicense2008-Jul.txt.bz2',
  u'http://flossmole.googlecode.com/files/sfRawUserIntData2008-Jun.txt.bz2',
  u'http://flossmole.googlecode.com/files/sfRawTrackerData2008-Jun.txt.bz2',
  u'http://flossmole.googlecode.com/files/sfRawTopicData2008-Jun.txt.bz2',
  u'http://flossmole.googlecode.com/files/sfRawStatusData2008-Jun.txt.bz2',
  u'http://flossmole.googlecode.com/files/sfRawRealUrlData2008-Jun.txt.bz2',
  u'http://flossmole.googlecode.com/files/sfRawRanksData2008-Jun.txt.bz2',
  u'http://flossmole.googlecode.com/files/sfRawProgLangData2008-Jun.txt.bz2',
  u'http://flossmole.googlecode.com/files/sfRawOpSysData2008-Jun.txt.bz2',
  u'http://flossmole.googlecode.com/files/sfRawLicenseData2008-Jun.txt.bz2',
  u'http://flossmole.googlecode.com/files/sfRawIntAudData2008-Jun.txt.bz2',
  u'http://flossmole.googlecode.com/files/sfRawForumPosts2008-Jun.txt.bz2',
  u'http://flossmole.googlecode.com/files/sfRawDownloadsData2008-Jun.txt.bz2',
  u'http://flossmole.googlecode.com/files/sfRawDonorsData2008-Jun.txt.bz2',
  u'http://flossmole.googlecode.com/files/sfRawDeveloperProjectData2008-Jun.txt.bz2',
  u'http://flossmole.googlecode.com/files/sfRawDeveloperData2008-Jun.txt.bz2',
  u'http://flossmole.googlecode.com/files/sfRawDbEnvData2008-Jun.txt.bz2',
  u'http://flossmole.googlecode.com/files/sfProjectList2008-Jun.txt.bz2',
  u'http://flossmole.googlecode.com/files/sfProjectInfo2008-Jun.txt.bz2',
  u'http://flossmole.googlecode.com/files/sfProjectDesc2008-Jun.txt.bz2'],
 [u'http://code.google.com/p/android-scripting/downloads/detail?name=datamart_fm_projects.2008-Jul.sql.bz2&can=1&q=',
  u'http://code.google.com/p/android-scripting/downloads/detail?name=fmProjectAuthors2008-Jul.txt.bz2&can=1&q=',
  u'http://code.google.com/p/android-scripting/downloads/detail?name=fmProjectAuthors2008-Jun.txt.bz2&can=1&q=',
  u'http://code.google.com/p/android-scripting/downloads/detail?name=fmProjectDescriptions2008-Jul.txt.bz2&can=1&q=',
  u'http://code.google.com/p/android-scripting/downloads/detail?name=fmProjectDescriptions2008-Jun.txt.bz2&can=1&q=',
  u'http://code.google.com/p/android-scripting/downloads/detail?name=fmProjectInfo2008-Jul.txt.bz2&can=1&q=',
  u'http://code.google.com/p/android-scripting/downloads/detail?name=fmProjectInfo2008-Jun.txt.bz2&can=1&q=',
  u'http://code.google.com/p/android-scripting/downloads/detail?name=fmProjectLicense2008-Jul.txt.bz2&can=1&q=',
  u'http://code.google.com/p/android-scripting/downloads/detail?name=fmProjectLicense2008-Jun.txt.bz2&can=1&q=',
  u'http://code.google.com/p/android-scripting/downloads/detail?name=fmProjectStats2008-Jul.txt.bz2&can=1&q=',
  u'http://code.google.com/p/android-scripting/downloads/detail?name=fmProjectStats2008-Jun.txt.bz2&can=1&q=',
  u'http://code.google.com/p/android-scripting/downloads/detail?name=fmProjectTrove2008-Jul.txt.bz2&can=1&q=',
  u'http://code.google.com/p/android-scripting/downloads/detail?name=fmProjectTrove2008-Jun.txt.bz2&can=1&q=',
  u'http://code.google.com/p/android-scripting/downloads/detail?name=owDeveloperProjects2008-Jul.txt.bz2&can=1&q=',
  u'http://code.google.com/p/android-scripting/downloads/detail?name=owDevelopers2008-Jul.txt.bz2&can=1&q=',
  u'http://code.google.com/p/android-scripting/downloads/detail?name=owProjectDescription2008-Jul.txt.bz2&can=1&q=',
  u'http://code.google.com/p/android-scripting/downloads/detail?name=owProjectEnvironment2008-Jul.txt.bz2&can=1&q=',
  u'http://code.google.com/p/android-scripting/downloads/detail?name=owProjectInfo2008-Jul.txt.bz2&can=1&q=',
  u'http://code.google.com/p/android-scripting/downloads/detail?name=owProjectIntAud2008-Jul.txt.bz2&can=1&q=',
  u'http://code.google.com/p/android-scripting/downloads/detail?name=owProjectLicense2008-Jul.txt.bz2&can=1&q=',
  u'http://code.google.com/p/android-scripting/downloads/detail?name=owProjectList2008-Jul.txt.bz2&can=1&q=',
  u'http://code.google.com/p/android-scripting/downloads/detail?name=owProjectOpSys2008-Jul.txt.bz2&can=1&q=',
  u'http://code.google.com/p/android-scripting/downloads/detail?name=owProjectProgLang2008-Jul.txt.bz2&can=1&q=',
  u'http://code.google.com/p/android-scripting/downloads/detail?name=owProjectStatus2008-Jul.txt.bz2&can=1&q=',
  u'http://code.google.com/p/android-scripting/downloads/detail?name=owProjectTopic2008-Jul.txt.bz2&can=1&q=',
  u'http://code.google.com/p/android-scripting/downloads/detail?name=rfDeveloperProjects2008-Jul.txt.bz2&can=1&q=',
  u'http://code.google.com/p/android-scripting/downloads/detail?name=rfProjectDescription2008-Jul.txt.bz2&can=1&q=',
  u'http://code.google.com/p/android-scripting/downloads/detail?name=rfProjectEnvironment2008-Jul.txt.bz2&can=1&q=',
  u'http://code.google.com/p/android-scripting/downloads/detail?name=rfProjectInfo2008-Jul.txt.bz2&can=1&q=',
  u'http://code.google.com/p/android-scripting/downloads/detail?name=rfProjectIntAud2008-Jul.txt.bz2&can=1&q=',
  u'http://code.google.com/p/android-scripting/downloads/detail?name=rfProjectLicense2008-Jul.txt.bz2&can=1&q=',
  u'http://code.google.com/p/android-scripting/downloads/detail?name=rfProjectList2008-Jul.txt.bz2&can=1&q=',
  u'http://code.google.com/p/android-scripting/downloads/detail?name=rfProjectNatLang2008-Jul.txt.bz2&can=1&q=',
  u'http://code.google.com/p/android-scripting/downloads/detail?name=rfProjectOpSys2008-Jul.txt.bz2&can=1&q=',
  u'http://code.google.com/p/android-scripting/downloads/detail?name=rfProjectProgLang2008-Jul.txt.bz2&can=1&q=',
  u'http://code.google.com/p/android-scripting/downloads/detail?name=rfProjectStatus2008-Jul.txt.bz2&can=1&q=',
  u'http://code.google.com/p/android-scripting/downloads/detail?name=rfProjectTopic2008-Jul.txt.bz2&can=1&q=',
  u'http://code.google.com/p/android-scripting/downloads/detail?name=sfProjectDesc2008-Jun.txt.bz2&can=1&q=',
  u'http://code.google.com/p/android-scripting/downloads/detail?name=sfProjectInfo2008-Jun.txt.bz2&can=1&q=',
  u'http://code.google.com/p/android-scripting/downloads/detail?name=sfProjectList2008-Jun.txt.bz2&can=1&q=',
  u'http://code.google.com/p/android-scripting/downloads/detail?name=sfRawDbEnvData2008-Jun.txt.bz2&can=1&q=',
  u'http://code.google.com/p/android-scripting/downloads/detail?name=sfRawDeveloperData2008-Jun.txt.bz2&can=1&q=',
  u'http://code.google.com/p/android-scripting/downloads/detail?name=sfRawDeveloperProjectData2008-Jun.txt.bz2&can=1&q=',
  u'http://code.google.com/p/android-scripting/downloads/detail?name=sfRawDonorsData2008-Jun.txt.bz2&can=1&q=',
  u'http://code.google.com/p/android-scripting/downloads/detail?name=sfRawDownloadsData2008-Jun.txt.bz2&can=1&q=',
  u'http://code.google.com/p/android-scripting/downloads/detail?name=sfRawForumPosts2008-Jun.txt.bz2&can=1&q=',
  u'http://code.google.com/p/android-scripting/downloads/detail?name=sfRawIntAudData2008-Jun.txt.bz2&can=1&q=',
  u'http://code.google.com/p/android-scripting/downloads/detail?name=sfRawLicenseData2008-Jun.txt.bz2&can=1&q=',
  u'http://code.google.com/p/android-scripting/downloads/detail?name=sfRawOpSysData2008-Jun.txt.bz2&can=1&q=',
  u'http://code.google.com/p/android-scripting/downloads/detail?name=sfRawProgLangData2008-Jun.txt.bz2&can=1&q=',
  u'http://code.google.com/p/android-scripting/downloads/detail?name=sfRawRanksData2008-Jun.txt.bz2&can=1&q=',
  u'http://code.google.com/p/android-scripting/downloads/detail?name=sfRawRealUrlData2008-Jun.txt.bz2&can=1&q=',
  u'http://code.google.com/p/android-scripting/downloads/detail?name=sfRawStatusData2008-Jun.txt.bz2&can=1&q=',
  u'http://code.google.com/p/android-scripting/downloads/detail?name=sfRawTopicData2008-Jun.txt.bz2&can=1&q=',
  u'http://code.google.com/p/android-scripting/downloads/detail?name=sfRawTrackerData2008-Jun.txt.bz2&can=1&q=',
  u'http://code.google.com/p/android-scripting/downloads/detail?name=sfRawUserIntData2008-Jun.txt.bz2&can=1&q='],
 [])