{'content_license': None,
 'content_license_url': None,
 'description': u'QT4 GUI for boxbackup',
 'downloads_url': u'http://code.google.com/p/adelinbackup/downloads/list',
 'external_links': {},
 'feeds_url': u'http://code.google.com/p/adelinbackup/feeds',
 'home_url': u'http://code.google.com/p/adelinbackup/',
 'id': u'adelinbackup',
 'issues_url': u'http://code.google.com/p/adelinbackup/issues/list',
 'keywords': [],
 'labels': [u'GUI', u'backup'],
 'license': u'GNU GPL v2',
 'license_url': u'http://www.gnu.org/licenses/old-licenses/gpl-2.0.html',
 'name': u'adelinbackup',
 'peoples_url': u'http://code.google.com/p/adelinbackup/people/list',
 'vcs_url': u'http://code.google.com/p/adelinbackup/source/checkout',
 'wiki_url': u'http://code.google.com/p/adelinbackup/w/list'}