{'content_license': None,
 'content_license_url': None,
 'description': u'boost \u6587\u6863\u6c49\u5316',
 'downloads_url': u'http://code.google.com/p/boost-doc-zh/downloads/list',
 'external_links': {},
 'feeds_url': u'http://code.google.com/p/boost-doc-zh/feeds',
 'home_url': u'http://code.google.com/p/boost-doc-zh/',
 'id': u'boost-doc-zh',
 'issues_url': u'http://code.google.com/p/boost-doc-zh/issues/list',
 'keywords': [],
 'labels': [u'Chinese', u'boost', u'documentation', u'translation'],
 'license': u'Other Open Source',
 'license_url': u'http://code.google.com/p/support/wiki/FAQ#Which_licenses_can_be_used?',
 'name': u'boost-doc-zh',
 'peoples_url': u'http://code.google.com/p/boost-doc-zh/people/list',
 'vcs_url': u'http://code.google.com/p/boost-doc-zh/source/checkout',
 'wiki_url': u'http://code.google.com/p/boost-doc-zh/w/list'}