{'content_license': None,
 'content_license_url': None,
 'description': u'Data collection and analysis about free, libre and open source software',
 'downloads_url': u'http://code.google.com/p/flossmole/downloads/list',
 'external_links': {},
 'feeds_url': u'http://code.google.com/p/flossmole/feeds',
 'home_url': u'http://code.google.com/p/flossmole/',
 'id': u'flossmole',
 'issues_url': u'http://code.google.com/p/flossmole/issues/list',
 'keywords': [],
 'labels': [u'collection',
            u'data',
            u'datamining',
            u'floss',
            u'foss',
            u'free',
            u'metrics',
            u'open',
            u'source',
            u'statistics'],
 'license': u'Artistic License/GPL',
 'license_url': u'http://dev.perl.org/licenses/',
 'name': u'flossmole',
 'peoples_url': u'http://code.google.com/p/flossmole/people/list',
 'vcs_url': u'http://code.google.com/p/flossmole/source/checkout',
 'wiki_url': u'http://code.google.com/p/flossmole/w/list'}