{'content_license': None,
 'content_license_url': None,
 'description': u'Inserts furigana for kanji words (Mozilla Firefox and Google Chrome extensions)',
 'downloads_url': u'http://code.google.com/p/furigana-injector/downloads/list',
 'external_links': {},
 'feeds_url': u'http://code.google.com/p/furigana-injector/feeds',
 'home_url': u'http://code.google.com/p/furigana-injector/',
 'id': u'furigana-injector',
 'issues_url': u'http://code.google.com/p/furigana-injector/issues/list',
 'keywords': [],
 'labels': [u'furigana',
            u'mozilla',
            u'nihongo',
            u'xpcom',
            u'\u3075\u308a\u304c\u306a',
            u'\u30d5\u30ea\u30ac\u30ca',
            u'\u632f\u308a\u304c\u306a'],
 'license': u'GNU GPL v2',
 'license_url': u'http://www.gnu.org/licenses/old-licenses/gpl-2.0.html',
 'name': u'furigana-injector',
 'peoples_url': u'http://code.google.com/p/furigana-injector/people/list',
 'vcs_url': u'http://code.google.com/p/furigana-injector/source/checkout',
 'wiki_url': u'http://code.google.com/p/furigana-injector/w/list'}