{'content_license': None,
 'content_license_url': None,
 'description': u'Google Data Java Client Library',
 'downloads_url': u'http://code.google.com/p/gdata-java-client/downloads/list',
 'external_links': {},
 'feeds_url': u'http://code.google.com/p/gdata-java-client/feeds',
 'home_url': u'http://code.google.com/p/gdata-java-client/',
 'id': u'gdata-java-client',
 'issues_url': u'http://code.google.com/p/gdata-java-client/issues/list',
 'keywords': [],
 'labels': [u'APP',
            u'ATOM',
            u'GData',
            u'Google',
            u'REST',
            u'RSS',
            u'WebService',
            u'XML'],
 'license': u'Apache License 2.0',
 'license_url': u'http://www.apache.org/licenses/LICENSE-2.0',
 'name': u'gdata-java-client',
 'peoples_url': u'http://code.google.com/p/gdata-java-client/people/list',
 'vcs_url': u'http://code.google.com/p/gdata-java-client/source/checkout',
 'wiki_url': u'http://code.google.com/p/gdata-java-client/w/list'}