{'content_license': None,
 'content_license_url': None,
 'description': u'Global Menu Bar for GNOME',
 'downloads_url': u'http://code.google.com/p/gnome2-globalmenu/downloads/list',
 'external_links': {},
 'feeds_url': u'http://code.google.com/p/gnome2-globalmenu/feeds',
 'home_url': u'http://code.google.com/p/gnome2-globalmenu/',
 'id': u'gnome2-globalmenu',
 'issues_url': u'http://code.google.com/p/gnome2-globalmenu/issues/list',
 'keywords': [],
 'labels': [u'aqd',
            u'document-centric',
            u'globalmenu',
            u'gnome',
            u'gnomenu',
            u'gtk',
            u'gtk2-aqd',
            u'gtkmenubar',
            u'libgnomenu',
            u'macmenu',
            u'menu',
            u'menubar'],
 'license': u'GNU GPL v2',
 'license_url': u'http://www.gnu.org/licenses/old-licenses/gpl-2.0.html',
 'name': u'gnome2-globalmenu',
 'peoples_url': u'http://code.google.com/p/gnome2-globalmenu/people/list',
 'vcs_url': u'http://code.google.com/p/gnome2-globalmenu/wiki/GitRepository?tm=4',
 'wiki_url': u'http://code.google.com/p/gnome2-globalmenu/w/list'}