{'content_license': None,
 'content_license_url': None,
 'description': u'Software livre para gest\xe3o empresarial',
 'downloads_url': u'http://code.google.com/p/freedom-erp/downloads/list',
 'external_links': {},
 'feeds_url': u'http://code.google.com/p/freedom-erp/feeds',
 'home_url': u'http://code.google.com/p/freedom-erp/',
 'id': u'freedom-erp',
 'issues_url': u'http://code.google.com/p/freedom-erp/issues/list',
 'keywords': [],
 'labels': [u'CRM',
            u'ECF',
            u'ERP',
            u'Firebird',
            u'Freedom',
            u'Gest\xe3oEmpresarial',
            u'Java',
            u'NFE',
            u'OpenSource',
            u'PCP',
            u'PDV',
            u'TEF'],
 'license': u'GNU GPL v2',
 'license_url': u'http://www.gnu.org/licenses/old-licenses/gpl-2.0.html',
 'name': u'freedom-erp',
 'peoples_url': u'http://code.google.com/p/freedom-erp/people/list',
 'vcs_url': u'http://code.google.com/p/freedom-erp/source/checkout',
 'wiki_url': u'http://code.google.com/p/freedom-erp/w/list'}