{'content_license': None,
 'content_license_url': None,
 'description': u'semantic web editor',
 'downloads_url': u'http://code.google.com/p/daumopeneditor/downloads/list',
 'external_links': {},
 'feeds_url': u'http://code.google.com/p/daumopeneditor/feeds',
 'home_url': u'http://code.google.com/p/daumopeneditor/',
 'id': u'daumopeneditor',
 'issues_url': u'http://code.google.com/p/daumopeneditor/issues/list',
 'keywords': [],
 'labels': [u'Microformat',
            u'RDF',
            u'daum',
            u'openapi',
            u'semantic',
            u'webeditor'],
 'license': u'GNU Lesser GPL',
 'license_url': u'http://www.gnu.org/licenses/lgpl.html',
 'name': u'daumopeneditor',
 'peoples_url': u'http://code.google.com/p/daumopeneditor/people/list',
 'vcs_url': u'http://code.google.com/p/daumopeneditor/source/checkout',
 'wiki_url': u'http://code.google.com/p/daumopeneditor/w/list'}