{'content_license': None,
 'content_license_url': None,
 'description': u'a tool for annotating high-throughput biomedical investigations and resulting data',
 'downloads_url': u'http://code.google.com/p/annotare/downloads/list',
 'external_links': {},
 'feeds_url': u'http://code.google.com/p/annotare/feeds',
 'home_url': u'http://code.google.com/p/annotare/',
 'id': u'annotare',
 'issues_url': u'http://code.google.com/p/annotare/issues/list',
 'keywords': [],
 'labels': [u'annotation',
            u'bioinformatics',
            u'mage-tab',
            u'mged',
            u'microarray'],
 'license': u'MIT License',
 'license_url': u'http://www.opensource.org/licenses/mit-license.php',
 'name': u'annotare',
 'peoples_url': u'http://code.google.com/p/annotare/people/list',
 'vcs_url': u'http://code.google.com/p/annotare/source/checkout',
 'wiki_url': u'http://code.google.com/p/annotare/w/list'}