{'content_license': None,
 'content_license_url': None,
 'description': u'General Purpose Spidermonkey Embedding Ecosystem',
 'downloads_url': None,
 'external_links': {},
 'feeds_url': u'http://code.google.com/p/gpsee/feeds',
 'home_url': u'http://code.google.com/p/gpsee/',
 'id': u'gpsee',
 'issues_url': u'http://code.google.com/p/gpsee/issues/list',
 'keywords': [],
 'labels': [u'CommonJS',
            u'interoperablejs',
            u'javascript',
            u'serverjs',
            u'spidermonkey',
            u'ssjs'],
 'license': u'Mozilla Public License 1.1',
 'license_url': u'http://www.mozilla.org/MPL/',
 'name': u'gpsee',
 'peoples_url': u'http://code.google.com/p/gpsee/people/list',
 'vcs_url': u'http://code.google.com/p/gpsee/source/checkout',
 'wiki_url': u'http://code.google.com/p/gpsee/w/list'}