{'content_license': None,
 'content_license_url': None,
 'description': u'Barcode Writer in Pure JavaScript',
 'downloads_url': u'http://code.google.com/p/bwip-js/downloads/list',
 'external_links': {},
 'feeds_url': u'http://code.google.com/p/bwip-js/feeds',
 'home_url': u'http://code.google.com/p/bwip-js/',
 'id': u'bwip-js',
 'issues_url': u'http://code.google.com/p/bwip-js/issues/list',
 'keywords': [],
 'labels': [u'Barcode',
            u'CommonJS',
            u'CrossBrowser',
            u'Generator',
            u'JavaScript',
            u'Node.js',
            u'ServerSide'],
 'license': u'MIT License',
 'license_url': u'http://www.opensource.org/licenses/mit-license.php',
 'name': u'bwip-js',
 'peoples_url': u'http://code.google.com/p/bwip-js/people/list',
 'vcs_url': None,
 'wiki_url': None}