{'content_license': None,
 'content_license_url': None,
 'description': u'A persistent key-value database with built-in net interface written in ANSI-C for Posix systems',
 'downloads_url': u'http://code.google.com/p/redis/downloads/list',
 'external_links': {},
 'feeds_url': u'http://code.google.com/p/redis/feeds',
 'home_url': u'http://code.google.com/p/redis/',
 'id': u'redis',
 'issues_url': u'http://code.google.com/p/redis/issues/list',
 'keywords': [],
 'labels': [u'AnsiC',
            u'GPL',
            u'KeyValue',
            u'Posix',
            u'atomic',
            u'database',
            u'dictionary',
            u'hashTable',
            u'lists',
            u'memcached',
            u'networking',
            u'persistent',
            u'redis',
            u'sets'],
 'license': u'New BSD License',
 'license_url': u'http://opensource.org/licenses/BSD-3-Clause',
 'name': u'redis',
 'peoples_url': u'http://code.google.com/p/redis/people/list',
 'vcs_url': u'http://code.google.com/p/redis/wiki/UnstableSource?tm=4',
 'wiki_url': u'http://code.google.com/p/redis/wiki/index?tm=6'}