{'content_license': None,
 'content_license_url': None,
 'description': u'1',
 'downloads_url': None,
 'external_links': {},
 'feeds_url': u'http://code.google.com/p/register/feeds',
 'home_url': u'http://code.google.com/p/register/',
 'id': u'register',
 'issues_url': u'http://code.google.com/p/register/issues/list',
 'keywords': [],
 'labels': [u'Projects', u'busi', u'chin'],
 'license': u'Other Open Source',
 'license_url': u'http://code.google.com/p/support/wiki/FAQ#Which_licenses_can_be_used?',
 'name': u'register',
 'peoples_url': u'http://code.google.com/p/register/people/list',
 'vcs_url': u'http://code.google.com/p/register/source/checkout',
 'wiki_url': u'http://code.google.com/p/register/w/list'}