[
  [
    "http://code.google.com/hosting/search?q=chinese&filter=0&mode=&start=10", 
    "http://code.google.com/hosting/search?q=chinese&filter=0&mode=&start=20", 
    "http://code.google.com/hosting/search?q=chinese&filter=0&mode=&start=30", 
    "http://code.google.com/hosting/search?q=chinese&filter=0&mode=&start=40", 
    "http://code.google.com/hosting/search?q=chinese&filter=0&mode=&start=50", 
    "http://code.google.com/hosting/search?q=chinese&filter=0&mode=&start=60", 
    "http://code.google.com/hosting/search?q=chinese&filter=0&mode=&start=70", 
    "http://code.google.com/hosting/search?q=chinese&filter=0&mode=&start=80", 
    "http://code.google.com/hosting/search?q=chinese&filter=0&mode=&start=90", 
    "http://code.google.com/hosting/search?q=label:acer", 
    "http://code.google.com/hosting/search?q=label:android", 
    "http://code.google.com/hosting/search?q=label:anki", 
    "http://code.google.com/hosting/search?q=label:ankidroid", 
    "http://code.google.com/hosting/search?q=label:anthy", 
    "http://code.google.com/hosting/search?q=label:applicationsecurity", 
    "http://code.google.com/hosting/search?q=label:atom", 
    "http://code.google.com/hosting/search?q=label:chinese", 
    "http://code.google.com/hosting/search?q=label:console", 
    "http://code.google.com/hosting/search?q=label:custom", 
    "http://code.google.com/hosting/search?q=label:dbus", 
    "http://code.google.com/hosting/search?q=label:developer", 
    "http://code.google.com/hosting/search?q=label:eclair", 
    "http://code.google.com/hosting/search?q=label:emulator", 
    "http://code.google.com/hosting/search?q=label:far", 
    "http://code.google.com/hosting/search?q=label:farmanager", 
    "http://code.google.com/hosting/search?q=label:feedreader", 
    "http://code.google.com/hosting/search?q=label:filemanager", 
    "http://code.google.com/hosting/search?q=label:geo", 
    "http://code.google.com/hosting/search?q=label:geocoding", 
    "http://code.google.com/hosting/search?q=label:geolocalization", 
    "http://code.google.com/hosting/search?q=label:geonames", 
    "http://code.google.com/hosting/search?q=label:geotagging", 
    "http://code.google.com/hosting/search?q=label:gps", 
    "http://code.google.com/hosting/search?q=label:graphical", 
    "http://code.google.com/hosting/search?q=label:gtk", 
    "http://code.google.com/hosting/search?q=label:hacking", 
    "http://code.google.com/hosting/search?q=label:hangul", 
    "http://code.google.com/hosting/search?q=label:im", 
    "http://code.google.com/hosting/search?q=label:input", 
    "http://code.google.com/hosting/search?q=label:japanese", 
    "http://code.google.com/hosting/search?q=label:java", 
    "http://code.google.com/hosting/search?q=label:jsf", 
    "http://code.google.com/hosting/search?q=label:kml", 
    "http://code.google.com/hosting/search?q=label:kmz", 
    "http://code.google.com/hosting/search?q=label:language", 
    "http://code.google.com/hosting/search?q=label:learning", 
    "http://code.google.com/hosting/search?q=label:linux", 
    "http://code.google.com/hosting/search?q=label:liquid", 
    "http://code.google.com/hosting/search?q=label:m17n", 
    "http://code.google.com/hosting/search?q=label:maps", 
    "http://code.google.com/hosting/search?q=label:memorizing", 
    "http://code.google.com/hosting/search?q=label:osx", 
    "http://code.google.com/hosting/search?q=label:owasp", 
    "http://code.google.com/hosting/search?q=label:penetration", 
    "http://code.google.com/hosting/search?q=label:pentesting", 
    "http://code.google.com/hosting/search?q=label:photos", 
    "http://code.google.com/hosting/search?q=label:pictures", 
    "http://code.google.com/hosting/search?q=label:plugin", 
    "http://code.google.com/hosting/search?q=label:proxy", 
    "http://code.google.com/hosting/search?q=label:python", 
    "http://code.google.com/hosting/search?q=label:qt", 
    "http://code.google.com/hosting/search?q=label:quite-rss", 
    "http://code.google.com/hosting/search?q=label:quiterss", 
    "http://code.google.com/hosting/search?q=label:rom", 
    "http://code.google.com/hosting/search?q=label:rss", 
    "http://code.google.com/hosting/search?q=label:srs", 
    "http://code.google.com/hosting/search?q=label:study", 
    "http://code.google.com/hosting/search?q=label:tabs", 
    "http://code.google.com/hosting/search?q=label:terminal", 
    "http://code.google.com/hosting/search?q=label:testing", 
    "http://code.google.com/hosting/search?q=label:ub0r.de", 
    "http://code.google.com/hosting/search?q=label:utility", 
    "http://code.google.com/hosting/search?q=label:webappsec", 
    "http://code.google.com/hosting/search?q=label:windows", 
    "http://code.google.com/hosting/search?q=label:x11", 
    "http://code.google.com/hosting/search?q=label:xim", 
    "http://code.google.com/hosting/search?q=label:\u00e9clair", 
    "http://code.google.com/hosting/search?q=label:\u4e8c\u7b14", 
    "http://code.google.com/hosting/search?q=label:\u4e94\u7b14", 
    "http://code.google.com/hosting/search?q=label:\u62fc\u97f3", 
    "http://code.google.com/hosting/search?q=label:\u6ce8\u97f3", 
    "http://code.google.com/hosting/search?q=label:\u90d1\u7801"
  ], 
  [
    {
      "url": "http://code.google.com/p/ankidroid/", 
      "last_updated": "2014-02-02T00:00:00+00:00", 
      "stars": 521
    }, 
    {
      "url": "http://code.google.com/p/conemu-maximus5/", 
      "last_updated": "2014-02-02T00:00:00+00:00", 
      "stars": 843
    }, 
    {
      "url": "http://code.google.com/p/ankidroid/", 
      "last_updated": "2014-02-02T00:00:00+00:00", 
      "stars": 521
    }, 
    {
      "url": "http://code.google.com/p/zaproxy/", 
      "last_updated": "2014-02-02T00:00:00+00:00", 
      "stars": 295
    }, 
    {
      "url": "http://code.google.com/p/ibus/", 
      "last_updated": "2014-02-02T00:00:00+00:00", 
      "stars": 687
    }, 
    {
      "url": "http://code.google.com/p/callmeter/", 
      "last_updated": "2014-02-01T00:00:00+00:00", 
      "stars": 181
    }, 
    {
      "url": "http://code.google.com/p/quite-rss/", 
      "last_updated": "2014-02-02T00:00:00+00:00", 
      "stars": 143
    }, 
    {
      "url": "http://code.google.com/p/acer-liquid-community-rom-bugtracker/", 
      "last_updated": "2013-03-19T00:00:00+00:00", 
      "stars": 135
    }, 
    {
      "url": "http://code.google.com/p/gpicsync/", 
      "last_updated": "2014-02-01T00:00:00+00:00", 
      "stars": 363
    }, 
    {
      "url": "http://code.google.com/p/omnifaces/", 
      "last_updated": "2014-02-01T00:00:00+00:00", 
      "stars": 144
    }
  ]
]