[
  [
    "http://code.google.com/hosting/search?q=japan&filter=0&mode=&start=10", 
    "http://code.google.com/hosting/search?q=japan&filter=0&mode=&start=20", 
    "http://code.google.com/hosting/search?q=japan&filter=0&mode=&start=30", 
    "http://code.google.com/hosting/search?q=japan&filter=0&mode=&start=40", 
    "http://code.google.com/hosting/search?q=japan&filter=0&mode=&start=50", 
    "http://code.google.com/hosting/search?q=japan&filter=0&mode=&start=60", 
    "http://code.google.com/hosting/search?q=japan&filter=0&mode=&start=70", 
    "http://code.google.com/hosting/search?q=japan&filter=0&mode=&start=80", 
    "http://code.google.com/hosting/search?q=japan&filter=0&mode=&start=90", 
    "http://code.google.com/hosting/search?q=label:android", 
    "http://code.google.com/hosting/search?q=label:anki", 
    "http://code.google.com/hosting/search?q=label:ankidroid", 
    "http://code.google.com/hosting/search?q=label:appengine", 
    "http://code.google.com/hosting/search?q=label:bts", 
    "http://code.google.com/hosting/search?q=label:car", 
    "http://code.google.com/hosting/search?q=label:china", 
    "http://code.google.com/hosting/search?q=label:chinese", 
    "http://code.google.com/hosting/search?q=label:civ4", 
    "http://code.google.com/hosting/search?q=label:civaccelerator", 
    "http://code.google.com/hosting/search?q=label:clone", 
    "http://code.google.com/hosting/search?q=label:dictionary", 
    "http://code.google.com/hosting/search?q=label:echochrome", 
    "http://code.google.com/hosting/search?q=label:edict", 
    "http://code.google.com/hosting/search?q=label:english", 
    "http://code.google.com/hosting/search?q=label:framework", 
    "http://code.google.com/hosting/search?q=label:friendconnect", 
    "http://code.google.com/hosting/search?q=label:furigana", 
    "http://code.google.com/hosting/search?q=label:gadgets", 
    "http://code.google.com/hosting/search?q=label:game", 
    "http://code.google.com/hosting/search?q=label:history", 
    "http://code.google.com/hosting/search?q=label:hotk", 
    "http://code.google.com/hosting/search?q=label:japanese", 
    "http://code.google.com/hosting/search?q=label:java", 
    "http://code.google.com/hosting/search?q=label:jquery", 
    "http://code.google.com/hosting/search?q=label:jsdeferred", 
    "http://code.google.com/hosting/search?q=label:kanjidic", 
    "http://code.google.com/hosting/search?q=label:language", 
    "http://code.google.com/hosting/search?q=label:learning", 
    "http://code.google.com/hosting/search?q=label:linux", 
    "http://code.google.com/hosting/search?q=label:memorizing", 
    "http://code.google.com/hosting/search?q=label:mixi", 
    "http://code.google.com/hosting/search?q=label:mod", 
    "http://code.google.com/hosting/search?q=label:mozilla", 
    "http://code.google.com/hosting/search?q=label:nihongo", 
    "http://code.google.com/hosting/search?q=label:oauth", 
    "http://code.google.com/hosting/search?q=label:offline", 
    "http://code.google.com/hosting/search?q=label:opensocial", 
    "http://code.google.com/hosting/search?q=label:radicals", 
    "http://code.google.com/hosting/search?q=label:romanceofthreekingdoms", 
    "http://code.google.com/hosting/search?q=label:sanguo", 
    "http://code.google.com/hosting/search?q=label:scej", 
    "http://code.google.com/hosting/search?q=label:shindig", 
    "http://code.google.com/hosting/search?q=label:sony", 
    "http://code.google.com/hosting/search?q=label:srs", 
    "http://code.google.com/hosting/search?q=label:study", 
    "http://code.google.com/hosting/search?q=label:thehistoryofthreekingdoms", 
    "http://code.google.com/hosting/search?q=label:threekingdoms", 
    "http://code.google.com/hosting/search?q=label:xpcom", 
    "http://code.google.com/hosting/search?q=label:\u3075\u308a\u304c\u306a", 
    "http://code.google.com/hosting/search?q=label:\u30d5\u30ea\u30ac\u30ca", 
    "http://code.google.com/hosting/search?q=label:\u4e09\u56fd", 
    "http://code.google.com/hosting/search?q=label:\u4e09\u56fd\u6625\u79cb", 
    "http://code.google.com/hosting/search?q=label:\u632f\u308a\u304c\u306a", 
    "http://code.google.com/hosting/search?q=label:\u6587\u660e4"
  ], 
  [
    {
      "url": "http://code.google.com/p/ankidroid/", 
      "last_updated": "2014-02-02T00:00:00+00:00", 
      "stars": 143
    }, 
    {
      "url": "http://code.google.com/p/slim3/", 
      "last_updated": "2014-01-03T00:00:00+00:00", 
      "stars": 89
    }, 
    {
      "url": "http://code.google.com/p/dragonnesttranzlation/", 
      "last_updated": "2010-08-04T00:00:00+00:00", 
      "stars": 2
    }, 
    {
      "url": "http://code.google.com/p/sanguoforciv4/", 
      "last_updated": "2010-05-08T00:00:00+00:00", 
      "stars": 6
    }, 
    {
      "url": "http://code.google.com/p/opensocial-jquery/", 
      "last_updated": "2014-01-01T00:00:00+00:00", 
      "stars": 121
    }, 
    {
      "url": "http://code.google.com/p/aedict/", 
      "last_updated": "2014-01-26T00:00:00+00:00", 
      "stars": 38
    }, 
    {
      "url": "http://code.google.com/p/furigana-injector/", 
      "last_updated": "2014-02-01T00:00:00+00:00", 
      "stars": 41
    }, 
    {
      "url": "http://code.google.com/p/l-echo/", 
      "last_updated": "2010-06-19T00:00:00+00:00", 
      "stars": 11
    }, 
    {
      "url": "http://code.google.com/p/maniadb/", 
      "last_updated": "2010-02-12T00:00:00+00:00", 
      "stars": 1
    }, 
    {
      "url": "http://code.google.com/p/sahanadocsjp/", 
      "last_updated": "2014-01-01T00:00:00+00:00", 
      "stars": 1
    }
  ]
]