[
  [
    "http://code.google.com/hosting/search?q=label%3ajava&filter=0&mode=&start=10", 
    "http://code.google.com/hosting/search?q=label%3ajava&filter=0&mode=&start=20", 
    "http://code.google.com/hosting/search?q=label%3ajava&filter=0&mode=&start=30", 
    "http://code.google.com/hosting/search?q=label%3ajava&filter=0&mode=&start=40", 
    "http://code.google.com/hosting/search?q=label%3ajava&filter=0&mode=&start=50", 
    "http://code.google.com/hosting/search?q=label%3ajava&filter=0&mode=&start=60", 
    "http://code.google.com/hosting/search?q=label%3ajava&filter=0&mode=&start=70", 
    "http://code.google.com/hosting/search?q=label%3ajava&filter=0&mode=&start=80", 
    "http://code.google.com/hosting/search?q=label%3ajava&filter=0&mode=&start=90", 
    "http://code.google.com/hosting/search?q=label:3d", 
    "http://code.google.com/hosting/search?q=label:ajax", 
    "http://code.google.com/hosting/search?q=label:allegrex", 
    "http://code.google.com/hosting/search?q=label:android", 
    "http://code.google.com/hosting/search?q=label:barcode", 
    "http://code.google.com/hosting/search?q=label:bayesian", 
    "http://code.google.com/hosting/search?q=label:beast", 
    "http://code.google.com/hosting/search?q=label:bioinformatics", 
    "http://code.google.com/hosting/search?q=label:client", 
    "http://code.google.com/hosting/search?q=label:coalescent", 
    "http://code.google.com/hosting/search?q=label:code128", 
    "http://code.google.com/hosting/search?q=label:code39", 
    "http://code.google.com/hosting/search?q=label:collections", 
    "http://code.google.com/hosting/search?q=label:components", 
    "http://code.google.com/hosting/search?q=label:concurrency", 
    "http://code.google.com/hosting/search?q=label:cross-plattform", 
    "http://code.google.com/hosting/search?q=label:datamatrix", 
    "http://code.google.com/hosting/search?q=label:decoder", 
    "http://code.google.com/hosting/search?q=label:dependencyinjection", 
    "http://code.google.com/hosting/search?q=label:dlna", 
    "http://code.google.com/hosting/search?q=label:ean", 
    "http://code.google.com/hosting/search?q=label:email", 
    "http://code.google.com/hosting/search?q=label:emulation", 
    "http://code.google.com/hosting/search?q=label:emulator", 
    "http://code.google.com/hosting/search?q=label:engine", 
    "http://code.google.com/hosting/search?q=label:evolution", 
    "http://code.google.com/hosting/search?q=label:exchange", 
    "http://code.google.com/hosting/search?q=label:flashmeeting", 
    "http://code.google.com/hosting/search?q=label:framework", 
    "http://code.google.com/hosting/search?q=label:game", 
    "http://code.google.com/hosting/search?q=label:google", 
    "http://code.google.com/hosting/search?q=label:graphics", 
    "http://code.google.com/hosting/search?q=label:groupware", 
    "http://code.google.com/hosting/search?q=label:guice", 
    "http://code.google.com/hosting/search?q=label:gwt", 
    "http://code.google.com/hosting/search?q=label:helpers", 
    "http://code.google.com/hosting/search?q=label:hibernate", 
    "http://code.google.com/hosting/search?q=label:imap", 
    "http://code.google.com/hosting/search?q=label:inversionofcontrol", 
    "http://code.google.com/hosting/search?q=label:io", 
    "http://code.google.com/hosting/search?q=label:ioc", 
    "http://code.google.com/hosting/search?q=label:itf", 
    "http://code.google.com/hosting/search?q=label:java", 
    "http://code.google.com/hosting/search?q=label:javascript", 
    "http://code.google.com/hosting/search?q=label:jogl", 
    "http://code.google.com/hosting/search?q=label:libraries", 
    "http://code.google.com/hosting/search?q=label:loosecoupling", 
    "http://code.google.com/hosting/search?q=label:lwjgl", 
    "http://code.google.com/hosting/search?q=label:mail", 
    "http://code.google.com/hosting/search?q=label:mapmaker", 
    "http://code.google.com/hosting/search?q=label:mcmc", 
    "http://code.google.com/hosting/search?q=label:media", 
    "http://code.google.com/hosting/search?q=label:mips", 
    "http://code.google.com/hosting/search?q=label:molecular", 
    "http://code.google.com/hosting/search?q=label:moodle", 
    "http://code.google.com/hosting/search?q=label:multi-language", 
    "http://code.google.com/hosting/search?q=label:onlinemeetings", 
    "http://code.google.com/hosting/search?q=label:opengl", 
    "http://code.google.com/hosting/search?q=label:openlaszlo", 
    "http://code.google.com/hosting/search?q=label:phylogenetics", 
    "http://code.google.com/hosting/search?q=label:phylogeny", 
    "http://code.google.com/hosting/search?q=label:playstation", 
    "http://code.google.com/hosting/search?q=label:pop3", 
    "http://code.google.com/hosting/search?q=label:portable", 
    "http://code.google.com/hosting/search?q=label:primitives", 
    "http://code.google.com/hosting/search?q=label:ps3", 
    "http://code.google.com/hosting/search?q=label:psp", 
    "http://code.google.com/hosting/search?q=label:qrcode", 
    "http://code.google.com/hosting/search?q=label:reader", 
    "http://code.google.com/hosting/search?q=label:red5", 
    "http://code.google.com/hosting/search?q=label:rss14", 
    "http://code.google.com/hosting/search?q=label:scanner", 
    "http://code.google.com/hosting/search?q=label:scenegraph", 
    "http://code.google.com/hosting/search?q=label:sequence", 
    "http://code.google.com/hosting/search?q=label:streaming", 
    "http://code.google.com/hosting/search?q=label:testability", 
    "http://code.google.com/hosting/search?q=label:transcode", 
    "http://code.google.com/hosting/search?q=label:uglyicon", 
    "http://code.google.com/hosting/search?q=label:unittesting", 
    "http://code.google.com/hosting/search?q=label:upc", 
    "http://code.google.com/hosting/search?q=label:upnp", 
    "http://code.google.com/hosting/search?q=label:utilities", 
    "http://code.google.com/hosting/search?q=label:videoconference", 
    "http://code.google.com/hosting/search?q=label:web-conferencing", 
    "http://code.google.com/hosting/search?q=label:xml"
  ], 
  [
    {
      "url": "http://code.google.com/p/google-web-toolkit/", 
      "last_updated": "2014-02-02T00:00:00+00:00", 
      "stars": 1439
    }, 
    {
      "url": "http://code.google.com/p/ps3mediaserver/", 
      "last_updated": "2014-02-02T00:00:00+00:00", 
      "stars": 3669
    }, 
    {
      "url": "http://code.google.com/p/openmeetings/", 
      "last_updated": "2014-02-02T00:00:00+00:00", 
      "stars": 847
    }, 
    {
      "url": "http://code.google.com/p/jmonkeyengine/", 
      "last_updated": "2014-02-02T00:00:00+00:00", 
      "stars": 371
    }, 
    {
      "url": "http://code.google.com/p/zxing/", 
      "last_updated": "2014-02-02T00:00:00+00:00", 
      "stars": 2786
    }, 
    {
      "url": "http://code.google.com/p/jpcsp/", 
      "last_updated": "2014-02-01T00:00:00+00:00", 
      "stars": 290
    }, 
    {
      "url": "http://code.google.com/p/beast-mcmc/", 
      "last_updated": "2014-02-02T00:00:00+00:00", 
      "stars": 23
    }, 
    {
      "url": "http://code.google.com/p/google-guice/", 
      "last_updated": "2014-02-02T00:00:00+00:00", 
      "stars": 1832
    }, 
    {
      "url": "http://code.google.com/p/k9mail/", 
      "last_updated": "2014-02-02T00:00:00+00:00", 
      "stars": 960
    }, 
    {
      "url": "http://code.google.com/p/guava-libraries/", 
      "last_updated": "2014-02-02T00:00:00+00:00", 
      "stars": 1823
    }
  ]
]