[
  [
    "http://code.google.com/hosting/search?q=label%3afilename&filter=0&mode=&start=10", 
    "http://code.google.com/hosting/search?q=label:batch", 
    "http://code.google.com/hosting/search?q=label:clipboard", 
    "http://code.google.com/hosting/search?q=label:convert", 
    "http://code.google.com/hosting/search?q=label:copy", 
    "http://code.google.com/hosting/search?q=label:crop", 
    "http://code.google.com/hosting/search?q=label:crossplatform", 
    "http://code.google.com/hosting/search?q=label:csharp", 
    "http://code.google.com/hosting/search?q=label:dataurischeme", 
    "http://code.google.com/hosting/search?q=label:decomposed", 
    "http://code.google.com/hosting/search?q=label:dotnet", 
    "http://code.google.com/hosting/search?q=label:download", 
    "http://code.google.com/hosting/search?q=label:encoding", 
    "http://code.google.com/hosting/search?q=label:extension", 
    "http://code.google.com/hosting/search?q=label:filename", 
    "http://code.google.com/hosting/search?q=label:files", 
    "http://code.google.com/hosting/search?q=label:filesystem", 
    "http://code.google.com/hosting/search?q=label:java", 
    "http://code.google.com/hosting/search?q=label:ld_preload", 
    "http://code.google.com/hosting/search?q=label:macosx", 
    "http://code.google.com/hosting/search?q=label:nautilus", 
    "http://code.google.com/hosting/search?q=label:nfc", 
    "http://code.google.com/hosting/search?q=label:nfd", 
    "http://code.google.com/hosting/search?q=label:path", 
    "http://code.google.com/hosting/search?q=label:plugin", 
    "http://code.google.com/hosting/search?q=label:precomposed", 
    "http://code.google.com/hosting/search?q=label:python", 
    "http://code.google.com/hosting/search?q=label:releasedate", 
    "http://code.google.com/hosting/search?q=label:rename", 
    "http://code.google.com/hosting/search?q=label:sequential", 
    "http://code.google.com/hosting/search?q=label:simple", 
    "http://code.google.com/hosting/search?q=label:standardize", 
    "http://code.google.com/hosting/search?q=label:string", 
    "http://code.google.com/hosting/search?q=label:supportingoss", 
    "http://code.google.com/hosting/search?q=label:tool", 
    "http://code.google.com/hosting/search?q=label:translate", 
    "http://code.google.com/hosting/search?q=label:transparently", 
    "http://code.google.com/hosting/search?q=label:unicode", 
    "http://code.google.com/hosting/search?q=label:utilities", 
    "http://code.google.com/hosting/search?q=label:utility", 
    "http://code.google.com/hosting/search?q=label:websitegroup", 
    "http://code.google.com/hosting/search?q=label:windows"
  ], 
  [
    {
      "url": "http://code.google.com/p/repairer/", 
      "last_updated": "2013-04-29T00:00:00+00:00", 
      "stars": 5
    }, 
    {
      "url": "http://code.google.com/p/jay-ou/", 
      "last_updated": "2012-10-12T00:00:00+00:00", 
      "stars": 1
    }, 
    {
      "url": "http://code.google.com/p/download-data-uri/", 
      "last_updated": "2013-12-05T00:00:00+00:00", 
      "stars": 3
    }, 
    {
      "url": "http://code.google.com/p/scrapper/", 
      "last_updated": "2008-12-09T00:00:00+00:00", 
      "stars": 0
    }, 
    {
      "url": "http://code.google.com/p/pathlen/", 
      "last_updated": "2010-11-03T00:00:00+00:00", 
      "stars": 1
    }, 
    {
      "url": "http://code.google.com/p/fnamecopy/", 
      "last_updated": "2009-06-03T00:00:00+00:00", 
      "stars": 1
    }, 
    {
      "url": "http://code.google.com/p/batchfilerenametool/", 
      "last_updated": "2010-07-12T00:00:00+00:00", 
      "stars": 2
    }, 
    {
      "url": "http://code.google.com/p/nfd2nfc/", 
      "last_updated": null, 
      "stars": 0
    }, 
    {
      "url": "http://code.google.com/p/crop/", 
      "last_updated": null, 
      "stars": 0
    }, 
    {
      "url": "http://code.google.com/p/bot-autolike-wapnecheez/", 
      "last_updated": null, 
      "stars": 0
    }
  ]
]