[
  [
    "http://code.google.com/hosting/search?q=label:academic", 
    "http://code.google.com/hosting/search?q=label:algorithm", 
    "http://code.google.com/hosting/search?q=label:analysis", 
    "http://code.google.com/hosting/search?q=label:bioinformatics", 
    "http://code.google.com/hosting/search?q=label:biologicalpathways", 
    "http://code.google.com/hosting/search?q=label:biology", 
    "http://code.google.com/hosting/search?q=label:biopax", 
    "http://code.google.com/hosting/search?q=label:cancer", 
    "http://code.google.com/hosting/search?q=label:computationalbiology", 
    "http://code.google.com/hosting/search?q=label:copynumberalteration", 
    "http://code.google.com/hosting/search?q=label:geneexpression", 
    "http://code.google.com/hosting/search?q=label:genomics", 
    "http://code.google.com/hosting/search?q=label:graphvisualization", 
    "http://code.google.com/hosting/search?q=label:mutation", 
    "http://code.google.com/hosting/search?q=label:mutualexclusivity", 
    "http://code.google.com/hosting/search?q=label:networks", 
    "http://code.google.com/hosting/search?q=label:sbgn", 
    "http://code.google.com/hosting/search?q=label:signalingpathways", 
    "http://code.google.com/hosting/search?q=label:systemsbiology"
  ], 
  [
    {
      "url": "http://code.google.com/p/chibe/", 
      "last_updated": "2014-01-03T00:00:00+00:00", 
      "stars": 6
    }, 
    {
      "url": "http://code.google.com/p/mutation-to-expression/", 
      "last_updated": "2014-01-01T00:00:00+00:00", 
      "stars": 1
    }, 
    {
      "url": "http://code.google.com/p/mutex/", 
      "last_updated": "2014-01-01T00:00:00+00:00", 
      "stars": 1
    }, 
    {
      "url": "http://code.google.com/p/pcviz/", 
      "last_updated": null, 
      "stars": 0
    }
  ]
]