([{'activity_level': None,
   'blogs': None,
   'description': None,
   'download_page_url': None,
   'downloads': None,
   'external_links': None,
   'feeds': None,
   'forge': None,
   'groups': None,
   'homepage_url': u'http://code.google.com/a/eclipselabs.org/p/jquerywtp/',
   'id': u'jquerywtp',
   'labels': {u'JQuery': u'http://code.google.com/a/eclipselabs.org/hosting/search?q=label:JQuery',
              u'Javascript': u'http://code.google.com/a/eclipselabs.org/hosting/search?q=label:Javascript',
              u'Tools': u'http://code.google.com/a/eclipselabs.org/hosting/search?q=label:Tools'},
   'last_updated': 'Last 30 days',
   'license': None,
   'license_key': None,
   'license_url': None,
   'logo_url': None,
   'members': None,
   'members_url': None,
   'name': u'make eclipse wtp support jquery',
   'rank': 1,
   'source_url': None,
   'stars': 4,
   'summary_url': None,
   'update_url': None,
   'vcs_checkout_command': None},
  {'activity_level': None,
   'blogs': None,
   'description': None,
   'download_page_url': None,
   'downloads': None,
   'external_links': None,
   'feeds': None,
   'forge': None,
   'groups': None,
   'homepage_url': u'http://code.google.com/a/eclipselabs.org/p/cssvalidator/',
   'id': u'cssvalidator',
   'labels': {u'Tools': u'http://code.google.com/a/eclipselabs.org/hosting/search?q=label:Tools',
              u'WebTools': u'http://code.google.com/a/eclipselabs.org/hosting/search?q=label:WebTools'},
   'last_updated': '2010-11-03T00:00:00',
   'license': None,
   'license_key': None,
   'license_url': None,
   'logo_url': None,
   'members': None,
   'members_url': None,
   'name': u'CSS validation support for WTP',
   'rank': 2,
   'source_url': None,
   'stars': 1,
   'summary_url': None,
   'update_url': None,
   'vcs_checkout_command': None},
  {'activity_level': None,
   'blogs': None,
   'description': None,
   'download_page_url': None,
   'downloads': None,
   'external_links': None,
   'feeds': None,
   'forge': None,
   'groups': None,
   'homepage_url': u'http://code.google.com/a/eclipselabs.org/p/tapiji/',
   'id': u'tapiji',
   'labels': {u'I18N': u'http://code.google.com/a/eclipselabs.org/hosting/search?q=label:I18N',
              u'Internationalization': u'http://code.google.com/a/eclipselabs.org/hosting/search?q=label:Internationalization',
              u'L10N': u'http://code.google.com/a/eclipselabs.org/hosting/search?q=label:L10N',
              u'Localization': u'http://code.google.com/a/eclipselabs.org/hosting/search?q=label:Localization',
              u'ResourceBundle': u'http://code.google.com/a/eclipselabs.org/hosting/search?q=label:ResourceBundle',
              u'Tools': u'http://code.google.com/a/eclipselabs.org/hosting/search?q=label:Tools',
              u'Translation': u'http://code.google.com/a/eclipselabs.org/hosting/search?q=label:Translation'},
   'last_updated': 'Earlier this year',
   'license': None,
   'license_key': None,
   'license_url': None,
   'logo_url': u'/a/eclipselabs.org/p/tapiji/logo?cct=1308693600.0',
   'members': None,
   'members_url': None,
   'name': u'Tooling for agile and process integrated Java Internationalization',
   'rank': 3,
   'source_url': None,
   'stars': 4,
   'summary_url': None,
   'update_url': None,
   'vcs_checkout_command': None}],
 3)